Component: ARM Compiler 6.14 Tool: armlink [5db06800]

==============================================================================

Section Cross References

    pir.o(.ARM.exidx.text.PIR_Init) refers to pir.o(.text.PIR_Init) for [Anonymous Symbol]
    pir.o(.text.EXTI0_IRQHandler) refers to servopwm.o(.text.servo_degree) for servo_degree
    pir.o(.text.EXTI0_IRQHandler) refers to lcdlab.o(.text.delay) for delay
    pir.o(.text.EXTI0_IRQHandler) refers to pir.o(.bss.MotionSensed) for MotionSensed
    pir.o(.text.EXTI0_IRQHandler) refers to lcdlab.o(.text.place_lcd_cursor) for place_lcd_cursor
    pir.o(.text.EXTI0_IRQHandler) refers to lcdlab.o(.text.LCD_write_string) for LCD_write_string
    pir.o(.ARM.exidx.text.EXTI0_IRQHandler) refers to pir.o(.text.EXTI0_IRQHandler) for [Anonymous Symbol]
    servopwm.o(.ARM.exidx.text.servo_init) refers to servopwm.o(.text.servo_init) for [Anonymous Symbol]
    servopwm.o(.ARM.exidx.text.servo_degree) refers to servopwm.o(.text.servo_degree) for [Anonymous Symbol]
    main.o(.text.main) refers to pir.o(.text.PIR_Init) for PIR_Init
    main.o(.text.main) refers to light_intensity_pwm.o(.text.LDR_LED_init) for LDR_LED_init
    main.o(.text.main) refers to lcdlab.o(.text.LCD_port_init) for LCD_port_init
    main.o(.text.main) refers to lcdlab.o(.text.LCD_init) for LCD_init
    main.o(.text.main) refers to servopwm.o(.text.servo_init) for servo_init
    main.o(.text.main) refers to pwm.o(.text.PWM_init) for PWM_init
    main.o(.text.main) refers to pushbutton.o(.text.pushbutton_init) for pushbutton_init
    main.o(.text.main) refers to temp_light_sensor.o(.text.temp_init) for temp_init
    main.o(.text.main) refers to lcdlab.o(.text.place_lcd_cursor) for place_lcd_cursor
    main.o(.text.main) refers to lcdlab.o(.text.LCD_write_string) for LCD_write_string
    main.o(.text.main) refers to pwm.o(.text.led_brightness) for led_brightness
    main.o(.text.main) refers to lcdlab.o(.text.delay) for delay
    main.o(.text.main) refers to main.o(.text.display_temp) for display_temp
    main.o(.text.main) refers to temp_light_sensor.o(.bss..L_MergedGlobals) for LIGHT_DATA
    main.o(.ARM.exidx.text.main) refers to main.o(.text.main) for [Anonymous Symbol]
    main.o(.text.display_temp) refers to temp_light_sensor.o(.text.temp_init) for temp_init
    main.o(.text.display_temp) refers to lcdlab.o(.text.delay) for delay
    main.o(.text.display_temp) refers to lcdlab.o(.text.place_lcd_cursor) for place_lcd_cursor
    main.o(.text.display_temp) refers to dflt_clz.o(x$fpl$dflt) for __aeabi_i2d
    main.o(.text.display_temp) refers to ddiv.o(x$fpl$ddiv) for __aeabi_ddiv
    main.o(.text.display_temp) refers to dmul.o(x$fpl$dmul) for __aeabi_dmul
    main.o(.text.display_temp) refers to daddsub_clz.o(x$fpl$dadd) for __aeabi_dadd
    main.o(.text.display_temp) refers to lcdlab.o(.text.LCD_write_num) for LCD_write_num
    main.o(.text.display_temp) refers to lcdlab.o(.text.LCD_SendData) for LCD_SendData
    main.o(.text.display_temp) refers to lcdlab.o(.text.LCD_write_string) for LCD_write_string
    main.o(.text.display_temp) refers to temp_light_sensor.o(.bss..L_MergedGlobals) for TEMP_DATA
    main.o(.ARM.exidx.text.display_temp) refers to main.o(.text.display_temp) for [Anonymous Symbol]
    lcdlab.o(.text) refers (Special) to _printf_f.o(.ARM.Collect$$_printf_percent$$00000003) for _printf_f
    lcdlab.o(.text) refers (Special) to printf1.o(x$fpl$printf1) for _printf_fp_dec
    lcdlab.o(.text) refers (Special) to _printf_percent.o(.ARM.Collect$$_printf_percent$$00000000) for _printf_percent
    lcdlab.o(.text.tim6_delay) refers (Special) to _printf_f.o(.ARM.Collect$$_printf_percent$$00000003) for _printf_f
    lcdlab.o(.text.tim6_delay) refers (Special) to printf1.o(x$fpl$printf1) for _printf_fp_dec
    lcdlab.o(.text.tim6_delay) refers (Special) to _printf_percent.o(.ARM.Collect$$_printf_percent$$00000000) for _printf_percent
    lcdlab.o(.ARM.exidx.text.tim6_delay) refers (Special) to _printf_f.o(.ARM.Collect$$_printf_percent$$00000003) for _printf_f
    lcdlab.o(.ARM.exidx.text.tim6_delay) refers (Special) to printf1.o(x$fpl$printf1) for _printf_fp_dec
    lcdlab.o(.ARM.exidx.text.tim6_delay) refers (Special) to _printf_percent.o(.ARM.Collect$$_printf_percent$$00000000) for _printf_percent
    lcdlab.o(.ARM.exidx.text.tim6_delay) refers to lcdlab.o(.text.tim6_delay) for [Anonymous Symbol]
    lcdlab.o(.text.delay) refers (Special) to _printf_f.o(.ARM.Collect$$_printf_percent$$00000003) for _printf_f
    lcdlab.o(.text.delay) refers (Special) to printf1.o(x$fpl$printf1) for _printf_fp_dec
    lcdlab.o(.text.delay) refers (Special) to _printf_percent.o(.ARM.Collect$$_printf_percent$$00000000) for _printf_percent
    lcdlab.o(.text.delay) refers to lcdlab.o(.text.tim6_delay) for tim6_delay
    lcdlab.o(.ARM.exidx.text.delay) refers (Special) to _printf_f.o(.ARM.Collect$$_printf_percent$$00000003) for _printf_f
[...]
    libinit.o(.ARM.Collect$$libinit$$00000000) refers (Special) to libinit2.o(.ARM.Collect$$libinit$$00000017) for __rt_lib_init_lc_numeric_1
    libinit.o(.ARM.Collect$$libinit$$00000000) refers (Special) to libinit2.o(.ARM.Collect$$libinit$$00000019) for __rt_lib_init_lc_time_1
    libinit.o(.ARM.Collect$$libinit$$00000000) refers (Special) to libinit2.o(.ARM.Collect$$libinit$$00000004) for __rt_lib_init_preinit_1
    libinit.o(.ARM.Collect$$libinit$$00000000) refers (Special) to libinit2.o(.ARM.Collect$$libinit$$0000000E) for __rt_lib_init_rand_1
    libinit.o(.ARM.Collect$$libinit$$00000000) refers (Special) to libinit2.o(.ARM.Collect$$libinit$$00000033) for __rt_lib_init_return
    libinit.o(.ARM.Collect$$libinit$$00000000) refers (Special) to libinit2.o(.ARM.Collect$$libinit$$0000001D) for __rt_lib_init_signal_1
    libinit.o(.ARM.Collect$$libinit$$00000000) refers (Special) to libinit2.o(.ARM.Collect$$libinit$$00000025) for __rt_lib_init_stdio_1
    libinit.o(.ARM.Collect$$libinit$$00000000) refers (Special) to libinit2.o(.ARM.Collect$$libinit$$0000000C) for __rt_lib_init_user_alloc_1
    libinit2.o(.ARM.Collect$$libinit$$00000001) refers to fpinit.o(x$fpl$fpinit) for _fp_init
    libinit2.o(.ARM.Collect$$libinit$$0000000F) refers (Weak) to rt_locale_intlibspace.o(.text) for __rt_locale
    libinit2.o(.ARM.Collect$$libinit$$00000010) refers to libinit2.o(.ARM.Collect$$libinit$$0000000F) for .ARM.Collect$$libinit$$0000000F
    libinit2.o(.ARM.Collect$$libinit$$00000012) refers to libinit2.o(.ARM.Collect$$libinit$$0000000F) for .ARM.Collect$$libinit$$0000000F
    libinit2.o(.ARM.Collect$$libinit$$00000014) refers to libinit2.o(.ARM.Collect$$libinit$$0000000F) for .ARM.Collect$$libinit$$0000000F
    libinit2.o(.ARM.Collect$$libinit$$00000016) refers to libinit2.o(.ARM.Collect$$libinit$$0000000F) for .ARM.Collect$$libinit$$0000000F
    libinit2.o(.ARM.Collect$$libinit$$00000016) refers (Weak) to lc_numeric_c.o(locale$$code) for _get_lc_numeric
    libinit2.o(.ARM.Collect$$libinit$$00000018) refers to libinit2.o(.ARM.Collect$$libinit$$0000000F) for .ARM.Collect$$libinit$$0000000F
    libinit2.o(.ARM.Collect$$libinit$$00000026) refers to argv_veneer.o(.emb_text) for __ARM_argv_veneer
    libinit2.o(.ARM.Collect$$libinit$$00000027) refers to argv_veneer.o(.emb_text) for __ARM_argv_veneer
    rtexit.o(.ARM.Collect$$rtexit$$00000000) refers (Special) to rtexit2.o(.ARM.Collect$$rtexit$$00000004) for __rt_exit_exit
    rtexit.o(.ARM.Collect$$rtexit$$00000000) refers (Special) to rtexit2.o(.ARM.Collect$$rtexit$$00000003) for __rt_exit_ls
    rtexit.o(.ARM.Collect$$rtexit$$00000000) refers (Special) to rtexit2.o(.ARM.Collect$$rtexit$$00000002) for __rt_exit_prels_1
    rtexit.o(.ARM.exidx) refers (Special) to rtexit2.o(.ARM.Collect$$rtexit$$00000004) for __rt_exit_exit
    rtexit.o(.ARM.exidx) refers (Special) to rtexit2.o(.ARM.Collect$$rtexit$$00000003) for __rt_exit_ls
    rtexit.o(.ARM.exidx) refers (Special) to rtexit2.o(.ARM.Collect$$rtexit$$00000002) for __rt_exit_prels_1
    rtexit.o(.ARM.exidx) refers to rtexit.o(.ARM.Collect$$rtexit$$00000000) for .ARM.Collect$$rtexit$$00000000
    argv_veneer.o(.emb_text) refers to no_argv.o(.text) for __ARM_get_argv
    rtexit2.o(.ARM.Collect$$rtexit$$00000003) refers to libshutdown.o(.ARM.Collect$$libshutdown$$00000000) for __rt_lib_shutdown
    rtexit2.o(.ARM.Collect$$rtexit$$00000004) refers to sys_exit.o(.text) for _sys_exit
    rtexit2.o(.ARM.exidx) refers to rtexit2.o(.ARM.Collect$$rtexit$$00000001) for .ARM.Collect$$rtexit$$00000001
    rtexit2.o(.ARM.exidx) refers to rtexit2.o(.ARM.Collect$$rtexit$$00000003) for .ARM.Collect$$rtexit$$00000003
    rtexit2.o(.ARM.exidx) refers to rtexit2.o(.ARM.Collect$$rtexit$$00000004) for .ARM.Collect$$rtexit$$00000004
    _get_argv_nomalloc.o(.text) refers (Special) to hrguard.o(.text) for __heap_region$guard
    _get_argv_nomalloc.o(.text) refers to defsig_rtmem_outer.o(.text) for __rt_SIGRTMEM
    _get_argv_nomalloc.o(.text) refers to sys_command.o(.text) for _sys_command_string
    sys_command.o(.text) refers (Special) to use_no_semi.o(.text) for __I$use$semihosting
    sys_command.o(.text) refers (Special) to indicate_semi.o(.text) for __semihosting_library_function
    sys_exit.o(.text) refers (Special) to use_no_semi.o(.text) for __I$use$semihosting
    sys_exit.o(.text) refers (Special) to indicate_semi.o(.text) for __semihosting_library_function
    sys_command_hlt.o(.text) refers (Special) to use_no_semi.o(.text) for __I$use$semihosting
    sys_command_hlt.o(.text) refers (Special) to indicate_semi.o(.text) for __semihosting_library_function
    sys_exit_hlt.o(.text) refers (Special) to use_no_semi.o(.text) for __I$use$semihosting
    sys_exit_hlt.o(.text) refers (Special) to indicate_semi.o(.text) for __semihosting_library_function
    defsig_rtmem_outer.o(.text) refers to defsig_rtmem_inner.o(.text) for __rt_SIGRTMEM_inner
    defsig_rtmem_outer.o(.text) refers to defsig_exit.o(.text) for __sig_exit
    defsig_rtmem_formal.o(.text) refers to rt_raise.o(.text) for __rt_raise
    libshutdown.o(.ARM.Collect$$libshutdown$$00000000) refers (Special) to libshutdown2.o(.ARM.Collect$$libshutdown$$00000002) for __rt_lib_shutdown_cpp_1
    libshutdown.o(.ARM.Collect$$libshutdown$$00000000) refers (Special) to libshutdown2.o(.ARM.Collect$$libshutdown$$00000007) for __rt_lib_shutdown_fp_trap_1
    libshutdown.o(.ARM.Collect$$libshutdown$$00000000) refers (Special) to libshutdown2.o(.ARM.Collect$$libshutdown$$0000000F) for __rt_lib_shutdown_heap_1
    libshutdown.o(.ARM.Collect$$libshutdown$$00000000) refers (Special) to libshutdown2.o(.ARM.Collect$$libshutdown$$00000010) for __rt_lib_shutdown_return
    libshutdown.o(.ARM.Collect$$libshutdown$$00000000) refers (Special) to libshutdown2.o(.ARM.Collect$$libshutdown$$0000000A) for __rt_lib_shutdown_signal_1
    libshutdown.o(.ARM.Collect$$libshutdown$$00000000) refers (Special) to libshutdown2.o(.ARM.Collect$$libshutdown$$00000004) for __rt_lib_shutdown_stdio_1
    libshutdown.o(.ARM.Collect$$libshutdown$$00000000) refers (Special) to libshutdown2.o(.ARM.Collect$$libshutdown$$0000000C) for __rt_lib_shutdown_user_alloc_1
    rt_raise.o(.text) refers to __raise.o(.text) for __raise
    rt_raise.o(.text) refers to sys_exit.o(.text) for _sys_exit
    defsig_exit.o(.text) refers to sys_exit.o(.text) for _sys_exit
    defsig_rtmem_inner.o(.text) refers to defsig_general.o(.text) for __default_signal_display
    __raise.o(.text) refers to defsig.o(CL$$defsig) for __default_signal_handler
    defsig_general.o(.text) refers to sys_wrch.o(.text) for _ttywrch
    sys_wrch.o(.text) refers (Special) to use_no_semi.o(.text) for __I$use$semihosting
    sys_wrch.o(.text) refers (Special) to indicate_semi.o(.text) for __semihosting_library_function
    sys_wrch_hlt.o(.text) refers (Special) to use_no_semi.o(.text) for __I$use$semihosting
    sys_wrch_hlt.o(.text) refers (Special) to indicate_semi.o(.text) for __semihosting_library_function
    defsig.o(CL$$defsig) refers to defsig_rtmem_inner.o(.text) for __rt_SIGRTMEM_inner
    defsig_abrt_inner.o(.text) refers to defsig_general.o(.text) for __default_signal_display
    defsig_fpe_inner.o(.text) refers to defsig_general.o(.text) for __default_signal_display
    defsig_rtred_inner.o(.text) refers to defsig_general.o(.text) for __default_signal_display
    defsig_stak_inner.o(.text) refers to defsig_general.o(.text) for __default_signal_display
    defsig_pvfn_inner.o(.text) refers to defsig_general.o(.text) for __default_signal_display
    defsig_cppl_inner.o(.text) refers to defsig_general.o(.text) for __default_signal_display
    defsig_segv_inner.o(.text) refers to defsig_general.o(.text) for __default_signal_display
    defsig_other.o(.text) refers to defsig_general.o(.text) for __default_signal_display


==============================================================================

Removing Unused input sections from the image.

    Removing pir.o(.text), (0 bytes).
    Removing pir.o(.ARM.exidx.text.PIR_Init), (8 bytes).
    Removing pir.o(.ARM.exidx.text.EXTI0_IRQHandler), (8 bytes).
    Removing servopwm.o(.text), (0 bytes).
    Removing servopwm.o(.ARM.exidx.text.servo_init), (8 bytes).
    Removing servopwm.o(.ARM.exidx.text.servo_degree), (8 bytes).
    Removing main.o(.text), (0 bytes).
    Removing main.o(.ARM.exidx.text.main), (8 bytes).
    Removing main.o(.ARM.exidx.text.display_temp), (8 bytes).
    Removing main.o(.ARM.use_no_argv), (4 bytes).
    Removing lcdlab.o(.text), (0 bytes).
    Removing lcdlab.o(.ARM.exidx.text.tim6_delay), (8 bytes).
    Removing lcdlab.o(.ARM.exidx.text.delay), (8 bytes).
    Removing lcdlab.o(.ARM.exidx.text.LCD_port_init), (8 bytes).
    Removing lcdlab.o(.ARM.exidx.text.LCD_init), (8 bytes).
    Removing lcdlab.o(.ARM.exidx.text.place_lcd_cursor), (8 bytes).
    Removing lcdlab.o(.ARM.exidx.text.LCD_SendCmd), (8 bytes).
    Removing lcdlab.o(.ARM.exidx.text.LCD_write), (8 bytes).
    Removing lcdlab.o(.ARM.exidx.text.LCD_write_string), (8 bytes).
    Removing lcdlab.o(.ARM.exidx.text.LCD_write_num), (8 bytes).
    Removing lcdlab.o(.text.ImmediateMessage), (36 bytes).
    Removing lcdlab.o(.ARM.exidx.text.ImmediateMessage), (8 bytes).
    Removing lcdlab.o(.ARM.exidx.text.LCD_SendData), (8 bytes).
    Removing lcdlab.o(.text.LCD_Clear_Display), (20 bytes).
    Removing lcdlab.o(.ARM.exidx.text.LCD_Clear_Display), (8 bytes).
    Removing light_intensity_pwm.o(.text), (0 bytes).
    Removing light_intensity_pwm.o(.ARM.exidx.text.LDR_LED_init), (8 bytes).
    Removing temp_light_sensor.o(.text), (0 bytes).
    Removing temp_light_sensor.o(.ARM.exidx.text.temp_init), (8 bytes).
    Removing temp_light_sensor.o(.ARM.exidx.text.ADC_IRQHandler), (8 bytes).
    Removing pwm.o(.text), (0 bytes).
    Removing pwm.o(.ARM.exidx.text.PWM_init), (8 bytes).
    Removing pwm.o(.ARM.exidx.text.led_brightness), (8 bytes).
    Removing pushbutton.o(.text), (0 bytes).
    Removing pushbutton.o(.ARM.exidx.text.pushbutton_init), (8 bytes).
    Removing pushbutton.o(.ARM.exidx.text.EXTI3_IRQHandler), (8 bytes).
    Removing system_stm32f4xx.o(.text), (0 bytes).
    Removing system_stm32f4xx.o(.ARM.exidx.text.SystemInit), (8 bytes).
    Removing system_stm32f4xx.o(.text.SystemCoreClockUpdate), (108 bytes).
    Removing system_stm32f4xx.o(.ARM.exidx.text.SystemCoreClockUpdate), (8 bytes).
    Removing system_stm32f4xx.o(.data.SystemCoreClock), (4 bytes).
    Removing system_stm32f4xx.o(.rodata.AHBPrescTable), (16 bytes).
    Removing system_stm32f4xx.o(.rodata.APBPrescTable), (8 bytes).

43 unused section(s) (total 412 bytes) removed from the image.

==============================================================================

Image Symbol Table

    Local Symbols

    Symbol Name                              Value     Ov Type        Size  Object(Section)

    ../clib/angel/boardlib.s                 0x00000000   Number         0  boardinit1.o ABSOLUTE
    ../clib/angel/boardlib.s                 0x00000000   Number         0  boardinit2.o ABSOLUTE
    ../clib/angel/boardlib.s                 0x00000000   Number         0  boardinit3.o ABSOLUTE
    ../clib/angel/boardlib.s                 0x00000000   Number         0  boardshut.o ABSOLUTE
    ../clib/angel/handlers.s                 0x00000000   Number         0  __scatter_zi.o ABSOLUTE
    ../clib/angel/kernel.s                   0x00000000   Number         0  __rtentry.o ABSOLUTE
    ../clib/angel/kernel.s                   0x00000000   Number         0  __rtentry2.o ABSOLUTE
    ../clib/angel/kernel.s                   0x00000000   Number         0  __rtentry4.o ABSOLUTE
    ../clib/angel/kernel.s                   0x00000000   Number         0  rtexit.o ABSOLUTE
    ../clib/angel/kernel.s                   0x00000000   Number         0  rtexit2.o ABSOLUTE
    ../clib/angel/rt.s                       0x00000000   Number         0  rt_locale.o ABSOLUTE
    ../clib/angel/rt.s                       0x00000000   Number         0  rt_locale_intlibspace.o ABSOLUTE
    ../clib/angel/rt.s                       0x00000000   Number         0  rt_raise.o ABSOLUTE
    ../clib/angel/scatter.s                  0x00000000   Number         0  __scatter.o ABSOLUTE
    ../clib/angel/startup.s                  0x00000000   Number         0  __main.o ABSOLUTE
    ../clib/angel/sys.s                      0x00000000   Number         0  libspace.o ABSOLUTE
    ../clib/angel/sys.s                      0x00000000   Number         0  sys_stackheap_outer.o ABSOLUTE
    ../clib/angel/sys.s                      0x00000000   Number         0  use_no_semi.o ABSOLUTE
    ../clib/angel/sys.s                      0x00000000   Number         0  indicate_semi.o ABSOLUTE
    ../clib/angel/sysapp.c                   0x00000000   Number         0  sys_command.o ABSOLUTE
    ../clib/angel/sysapp.c                   0x00000000   Number         0  sys_exit.o ABSOLUTE
    ../clib/angel/sysapp.c                   0x00000000   Number         0  sys_command_hlt.o ABSOLUTE
    ../clib/angel/sysapp.c                   0x00000000   Number         0  sys_exit_hlt.o ABSOLUTE
    ../clib/angel/sysapp.c                   0x00000000   Number         0  sys_wrch.o ABSOLUTE
    ../clib/angel/sysapp.c                   0x00000000   Number         0  sys_wrch_hlt.o ABSOLUTE
    ../clib/armsys.c                         0x00000000   Number         0  argv_veneer.o ABSOLUTE
    ../clib/armsys.c                         0x00000000   Number         0  argv_veneer.o ABSOLUTE
    ../clib/armsys.c                         0x00000000   Number         0  _get_argv_nomalloc.o ABSOLUTE
    ../clib/armsys.c                         0x00000000   Number         0  no_argv.o ABSOLUTE
    ../clib/bigflt.c                         0x00000000   Number         0  bigflt0.o ABSOLUTE
    ../clib/btod.s                           0x00000000   Number         0  btod.o ABSOLUTE
    ../clib/btod_accurate.c                  0x00000000   Number         0  btod_accurate.o ABSOLUTE
    ../clib/btod_accurate.c                  0x00000000   Number         0  btod_accurate_common.o ABSOLUTE
    ../clib/heapalloc.c                      0x00000000   Number         0  hrguard.o ABSOLUTE
    ../clib/heapaux.c                        0x00000000   Number         0  heapauxi.o ABSOLUTE
    ../clib/libinit.s                        0x00000000   Number         0  libinit.o ABSOLUTE
    ../clib/libinit.s                        0x00000000   Number         0  libinit2.o ABSOLUTE
    ../clib/libinit.s                        0x00000000   Number         0  libshutdown.o ABSOLUTE
    ../clib/libinit.s                        0x00000000   Number         0  libshutdown2.o ABSOLUTE
    ../clib/locale.s                         0x00000000   Number         0  lc_numeric_c.o ABSOLUTE
    ../clib/longlong.s                       0x00000000   Number         0  lludiv10.o ABSOLUTE
    ../clib/longlong.s                       0x00000000   Number         0  llushr.o ABSOLUTE
    ../clib/memcpset.s                       0x00000000   Number         0  strcmpv7em.o ABSOLUTE
    ../clib/misc.s                           0x00000000   Number         0  printf_stubs.o ABSOLUTE
    ../clib/printf.c                         0x00000000   Number         0  __2sprintf.o ABSOLUTE
    ../clib/printf.c                         0x00000000   Number         0  noretval__2sprintf.o ABSOLUTE
    ../clib/printf.c                         0x00000000   Number         0  __printf.o ABSOLUTE
    ../clib/printf.c                         0x00000000   Number         0  __printf_flags.o ABSOLUTE
    ../clib/printf.c                         0x00000000   Number         0  __printf_ss.o ABSOLUTE
    ../clib/printf.c                         0x00000000   Number         0  __printf_flags_ss.o ABSOLUTE
    ../clib/printf.c                         0x00000000   Number         0  __printf_wp.o ABSOLUTE
    ../clib/printf.c                         0x00000000   Number         0  __printf_flags_wp.o ABSOLUTE
    ../clib/printf.c                         0x00000000   Number         0  __printf_ss_wp.o ABSOLUTE
    ../clib/printf.c                         0x00000000   Number         0  __printf_flags_ss_wp.o ABSOLUTE
    ../clib/printf.c                         0x00000000   Number         0  _printf_fp_dec.o ABSOLUTE
    ../clib/printf.c                         0x00000000   Number         0  _printf_fp_dec_accurate.o ABSOLUTE
    ../clib/printf.c                         0x00000000   Number         0  _printf_char_common.o ABSOLUTE
    ../clib/printf.c                         0x00000000   Number         0  _sputc.o ABSOLUTE
    ../clib/printf.c                         0x00000000   Number         0  _printf_fp_infnan.o ABSOLUTE
    ../clib/printf.c                         0x00000000   Number         0  __printf_nopercent.o ABSOLUTE
    ../clib/printf_percent.s                 0x00000000   Number         0  _printf_f.o ABSOLUTE
    ../clib/printf_percent.s                 0x00000000   Number         0  _printf_percent.o ABSOLUTE
    ../clib/printf_percent.s                 0x00000000   Number         0  _printf_percent_end.o ABSOLUTE
    ../clib/signal.c                         0x00000000   Number         0  defsig_rtmem_outer.o ABSOLUTE
    ../clib/signal.c                         0x00000000   Number         0  defsig_rtmem_formal.o ABSOLUTE
    ../clib/signal.c                         0x00000000   Number         0  defsig_exit.o ABSOLUTE
    ../clib/signal.c                         0x00000000   Number         0  defsig_rtmem_inner.o ABSOLUTE
    ../clib/signal.c                         0x00000000   Number         0  __raise.o ABSOLUTE
    ../clib/signal.c                         0x00000000   Number         0  defsig_general.o ABSOLUTE
    ../clib/signal.c                         0x00000000   Number         0  defsig_abrt_inner.o ABSOLUTE
    ../clib/signal.c                         0x00000000   Number         0  defsig_fpe_inner.o ABSOLUTE
    ../clib/signal.c                         0x00000000   Number         0  defsig_rtred_inner.o ABSOLUTE
    ../clib/signal.c                         0x00000000   Number         0  defsig_stak_inner.o ABSOLUTE
    ../clib/signal.c                         0x00000000   Number         0  defsig_pvfn_inner.o ABSOLUTE
    ../clib/signal.c                         0x00000000   Number         0  defsig_cppl_inner.o ABSOLUTE
    ../clib/signal.c                         0x00000000   Number         0  defsig_segv_inner.o ABSOLUTE
    ../clib/signal.c                         0x00000000   Number         0  defsig_other.o ABSOLUTE
    ../clib/signal.s                         0x00000000   Number         0  defsig.o ABSOLUTE
    ../clib/stdlib.c                         0x00000000   Number         0  exit.o ABSOLUTE
    ../clib/string.c                         0x00000000   Number         0  strlen.o ABSOLUTE
    ../fplib/daddsub.s                       0x00000000   Number         0  daddsub_clz.o ABSOLUTE
    ../fplib/dcmpi.s                         0x00000000   Number         0  dcmpi.o ABSOLUTE
    ../fplib/ddiv.s                          0x00000000   Number         0  ddiv.o ABSOLUTE
    ../fplib/dfixu.s                         0x00000000   Number         0  dfixu.o ABSOLUTE
    ../fplib/dflt.s                          0x00000000   Number         0  dflt_clz.o ABSOLUTE
    ../fplib/dleqf.s                         0x00000000   Number         0  dleqf.o ABSOLUTE
    ../fplib/dmul.s                          0x00000000   Number         0  dmul.o ABSOLUTE
    ../fplib/dnaninf.s                       0x00000000   Number         0  dnaninf.o ABSOLUTE
    ../fplib/dretinf.s                       0x00000000   Number         0  dretinf.o ABSOLUTE
    ../fplib/drleqf.s                        0x00000000   Number         0  drleqf.o ABSOLUTE
    ../fplib/drnd.s                          0x00000000   Number         0  drnd.o ABSOLUTE
    ../fplib/fpinit.s                        0x00000000   Number         0  fpinit.o ABSOLUTE
    ../fplib/istatus.s                       0x00000000   Number         0  istatus.o ABSOLUTE
    ../fplib/printf1.s                       0x00000000   Number         0  printf1.o ABSOLUTE
    ../fplib/usenofp.s                       0x00000000   Number         0  usenofp.o ABSOLUTE
    ../mathlib/fpclassify.c                  0x00000000   Number         0  fpclassify.o ABSOLUTE
    ../mathlib/round.c                       0x00000000   Number         0  round.o ABSOLUTE
    LCDLab.c                                 0x00000000   Number         0  lcdlab.o ABSOLUTE
    Light_Intensity_PWM.c                    0x00000000   Number         0  light_intensity_pwm.o ABSOLUTE
    PIR.c                                    0x00000000   Number         0  pir.o ABSOLUTE
    PWM.c                                    0x00000000   Number         0  pwm.o ABSOLUTE
    RTE/Device/STM32F407VGTx/startup_stm32f407xx.s 0x00000000   Number         0  startup_stm32f407xx.o ABSOLUTE
    ServoPWM.c                               0x00000000   Number         0  servopwm.o ABSOLUTE
    Temp_Light_Sensor.c                      0x00000000   Number         0  temp_light_sensor.o ABSOLUTE
    dc.s                                     0x00000000   Number         0  dc.o ABSOLUTE
    main.c                                   0x00000000   Number         0  main.o ABSOLUTE
    pushbutton.c                             0x00000000   Number         0  pushbutton.o ABSOLUTE
    system_stm32f4xx.c                       0x00000000   Number         0  system_stm32f4xx.o ABSOLUTE
    RESET                                    0x08000000   Section      392  startup_stm32f407xx.o(RESET)
    !!!main                                  0x08000188   Section        8  __main.o(!!!main)
    !!!scatter                               0x08000190   Section       52  __scatter.o(!!!scatter)
    !!handler_zi                             0x080001c4   Section       28  __scatter_zi.o(!!handler_zi)
    .ARM.Collect$$_printf_percent$$00000000  0x080001e0   Section        0  _printf_percent.o(.ARM.Collect$$_printf_percent$$00000000)
    .ARM.Collect$$_printf_percent$$00000003  0x080001e0   Section        6  _printf_f.o(.ARM.Collect$$_printf_percent$$00000003)
    .ARM.Collect$$_printf_percent$$00000017  0x080001e6   Section        4  _printf_percent_end.o(.ARM.Collect$$_printf_percent$$00000017)
    .ARM.Collect$$libinit$$00000000          0x080001ea   Section        2  libinit.o(.ARM.Collect$$libinit$$00000000)
    .ARM.Collect$$libinit$$00000001          0x080001ec   Section        4  libinit2.o(.ARM.Collect$$libinit$$00000001)
    .ARM.Collect$$libinit$$00000004          0x080001f0   Section        0  libinit2.o(.ARM.Collect$$libinit$$00000004)
    .ARM.Collect$$libinit$$0000000A          0x080001f0   Section        0  libinit2.o(.ARM.Collect$$libinit$$0000000A)
    .ARM.Collect$$libinit$$0000000C          0x080001f0   Section        0  libinit2.o(.ARM.Collect$$libinit$$0000000C)
    .ARM.Collect$$libinit$$0000000E          0x080001f0   Section        0  libinit2.o(.ARM.Collect$$libinit$$0000000E)
    .ARM.Collect$$libinit$$0000000F          0x080001f0   Section        6  libinit2.o(.ARM.Collect$$libinit$$0000000F)
    .ARM.Collect$$libinit$$00000011          0x080001f6   Section        0  libinit2.o(.ARM.Collect$$libinit$$00000011)
    .ARM.Collect$$libinit$$00000013          0x080001f6   Section        0  libinit2.o(.ARM.Collect$$libinit$$00000013)
    .ARM.Collect$$libinit$$00000015          0x080001f6   Section        0  libinit2.o(.ARM.Collect$$libinit$$00000015)
    .ARM.Collect$$libinit$$00000016          0x080001f6   Section       10  libinit2.o(.ARM.Collect$$libinit$$00000016)
    .ARM.Collect$$libinit$$00000017          0x08000200   Section        0  libinit2.o(.ARM.Collect$$libinit$$00000017)
    .ARM.Collect$$libinit$$00000019          0x08000200   Section        0  libinit2.o(.ARM.Collect$$libinit$$00000019)
    .ARM.Collect$$libinit$$0000001B          0x08000200   Section        0  libinit2.o(.ARM.Collect$$libinit$$0000001B)
    .ARM.Collect$$libinit$$0000001D          0x08000200   Section        0  libinit2.o(.ARM.Collect$$libinit$$0000001D)
    .ARM.Collect$$libinit$$0000001F          0x08000200   Section        0  libinit2.o(.ARM.Collect$$libinit$$0000001F)
    .ARM.Collect$$libinit$$00000021          0x08000200   Section        0  libinit2.o(.ARM.Collect$$libinit$$00000021)
    .ARM.Collect$$libinit$$00000023          0x08000200   Section        0  libinit2.o(.ARM.Collect$$libinit$$00000023)
    .ARM.Collect$$libinit$$00000025          0x08000200   Section        0  libinit2.o(.ARM.Collect$$libinit$$00000025)
    .ARM.Collect$$libinit$$0000002C          0x08000200   Section        0  libinit2.o(.ARM.Collect$$libinit$$0000002C)
    .ARM.Collect$$libinit$$0000002E          0x08000200   Section        0  libinit2.o(.ARM.Collect$$libinit$$0000002E)
    .ARM.Collect$$libinit$$00000030          0x08000200   Section        0  libinit2.o(.ARM.Collect$$libinit$$00000030)
    .ARM.Collect$$libinit$$00000032          0x08000200   Section        0  libinit2.o(.ARM.Collect$$libinit$$00000032)
    .ARM.Collect$$libinit$$00000033          0x08000200   Section        2  libinit2.o(.ARM.Collect$$libinit$$00000033)
    .ARM.Collect$$libshutdown$$00000000      0x08000202   Section        2  libshutdown.o(.ARM.Collect$$libshutdown$$00000000)
    .ARM.Collect$$libshutdown$$00000002      0x08000204   Section        0  libshutdown2.o(.ARM.Collect$$libshutdown$$00000002)
    .ARM.Collect$$libshutdown$$00000004      0x08000204   Section        0  libshutdown2.o(.ARM.Collect$$libshutdown$$00000004)
    .ARM.Collect$$libshutdown$$00000007      0x08000204   Section        0  libshutdown2.o(.ARM.Collect$$libshutdown$$00000007)
    .ARM.Collect$$libshutdown$$0000000A      0x08000204   Section        0  libshutdown2.o(.ARM.Collect$$libshutdown$$0000000A)
    .ARM.Collect$$libshutdown$$0000000C      0x08000204   Section        0  libshutdown2.o(.ARM.Collect$$libshutdown$$0000000C)
    .ARM.Collect$$libshutdown$$0000000F      0x08000204   Section        0  libshutdown2.o(.ARM.Collect$$libshutdown$$0000000F)
    .ARM.Collect$$libshutdown$$00000010      0x08000204   Section        2  libshutdown2.o(.ARM.Collect$$libshutdown$$00000010)
    .ARM.Collect$$rtentry$$00000000          0x08000206   Section        0  __rtentry.o(.ARM.Collect$$rtentry$$00000000)
    .ARM.Collect$$rtentry$$00000002          0x08000206   Section        0  __rtentry2.o(.ARM.Collect$$rtentry$$00000002)
    .ARM.Collect$$rtentry$$00000004          0x08000206   Section        6  __rtentry4.o(.ARM.Collect$$rtentry$$00000004)
    .ARM.Collect$$rtentry$$00000009          0x0800020c   Section        0  __rtentry2.o(.ARM.Collect$$rtentry$$00000009)
    .ARM.Collect$$rtentry$$0000000A          0x0800020c   Section        4  __rtentry2.o(.ARM.Collect$$rtentry$$0000000A)
    .ARM.Collect$$rtentry$$0000000C          0x08000210   Section        0  __rtentry2.o(.ARM.Collect$$rtentry$$0000000C)
    .ARM.Collect$$rtentry$$0000000D          0x08000210   Section        8  __rtentry2.o(.ARM.Collect$$rtentry$$0000000D)
    .ARM.Collect$$rtexit$$00000000           0x08000218   Section        2  rtexit.o(.ARM.Collect$$rtexit$$00000000)
    .ARM.Collect$$rtexit$$00000002           0x0800021a   Section        0  rtexit2.o(.ARM.Collect$$rtexit$$00000002)
    .ARM.Collect$$rtexit$$00000003           0x0800021a   Section        4  rtexit2.o(.ARM.Collect$$rtexit$$00000003)
    .ARM.Collect$$rtexit$$00000004           0x0800021e   Section        6  rtexit2.o(.ARM.Collect$$rtexit$$00000004)
    $v0                                      0x08000224   Number         0  startup_stm32f407xx.o(.text)
    .text                                    0x08000224   Section       64  startup_stm32f407xx.o(.text)
    .text                                    0x08000264   Section        0  noretval__2sprintf.o(.text)
    .text                                    0x0800028c   Section        0  __printf_wp.o(.text)
    .text                                    0x0800039a   Section        0  strlen.o(.text)
    .text                                    0x080003d8   Section        0  heapauxi.o(.text)
    _fp_digits                               0x080003df   Thumb Code   432  _printf_fp_dec.o(.text)
    .text                                    0x080003de   Section        0  _printf_fp_dec.o(.text)
    _printf_input_char                       0x080007fd   Thumb Code    10  _printf_char_common.o(.text)
    .text                                    0x080007fc   Section        0  _printf_char_common.o(.text)
    .text                                    0x0800082c   Section        0  _sputc.o(.text)
    .text                                    0x08000838   Section        8  rt_locale_intlibspace.o(.text)
    .text                                    0x08000840   Section      138  lludiv10.o(.text)
    .text                                    0x080008cc   Section        0  _printf_fp_infnan.o(.text)
    .text                                    0x0800094c   Section        0  bigflt0.o(.text)
    .text                                    0x08000a30   Section        8  libspace.o(.text)
    .text                                    0x08000a38   Section       74  sys_stackheap_outer.o(.text)
    .text                                    0x08000a82   Section        0  exit.o(.text)
    .text                                    0x08000a98   Section      124  strcmpv7em.o(.text)
    .text                                    0x08000b14   Section        0  sys_exit.o(.text)
    .text                                    0x08000b20   Section        2  use_no_semi.o(.text)
    .text                                    0x08000b22   Section        0  indicate_semi.o(.text)
    [Anonymous Symbol]                       0x08000b24   Section        0  temp_light_sensor.o(.text.ADC_IRQHandler)
    __arm_cp.1_1                             0x08000b40   Number         4  temp_light_sensor.o(.text.ADC_IRQHandler)
    __arm_cp.1_2                             0x08000b44   Number         4  temp_light_sensor.o(.text.ADC_IRQHandler)
    [Anonymous Symbol]                       0x08000b48   Section        0  pir.o(.text.EXTI0_IRQHandler)
    __arm_cp.1_0                             0x08000bb0   Number         4  pir.o(.text.EXTI0_IRQHandler)
    __arm_cp.1_1                             0x08000bb4   Number         4  pir.o(.text.EXTI0_IRQHandler)
    __arm_cp.1_2                             0x08000bb8   Number         4  pir.o(.text.EXTI0_IRQHandler)
    __arm_cp.1_3                             0x08000bbc   Number         4  pir.o(.text.EXTI0_IRQHandler)
    __arm_cp.1_5                             0x08000bcc   Number         4  pir.o(.text.EXTI0_IRQHandler)
    __arm_cp.1_6                             0x08000bd0   Number         4  pir.o(.text.EXTI0_IRQHandler)
    [Anonymous Symbol]                       0x08000bec   Section        0  pushbutton.o(.text.EXTI3_IRQHandler)
    __arm_cp.1_0                             0x08000c28   Number         4  pushbutton.o(.text.EXTI3_IRQHandler)
    __arm_cp.1_1                             0x08000c2c   Number         4  pushbutton.o(.text.EXTI3_IRQHandler)
    __arm_cp.1_2                             0x08000c30   Number         4  pushbutton.o(.text.EXTI3_IRQHandler)
    __arm_cp.1_3                             0x08000c34   Number         4  pushbutton.o(.text.EXTI3_IRQHandler)
    [Anonymous Symbol]                       0x08000c38   Section        0  lcdlab.o(.text.LCD_SendCmd)
    [Anonymous Symbol]                       0x08000c98   Section        0  lcdlab.o(.text.LCD_SendData)
    [Anonymous Symbol]                       0x08000d00   Section        0  lcdlab.o(.text.LCD_init)
    __arm_cp.3_0                             0x08000ed8   Number         4  lcdlab.o(.text.LCD_init)
    [Anonymous Symbol]                       0x08000edc   Section        0  lcdlab.o(.text.LCD_port_init)
    [Anonymous Symbol]                       0x08000ef8   Section        0  lcdlab.o(.text.LCD_write)
    __arm_cp.6_0                             0x08000f60   Number         4  lcdlab.o(.text.LCD_write)
    [Anonymous Symbol]                       0x08000f64   Section        0  lcdlab.o(.text.LCD_write_num)
    [Anonymous Symbol]                       0x08000f84   Section        0  lcdlab.o(.text.LCD_write_string)
    [Anonymous Symbol]                       0x08000fa0   Section        0  light_intensity_pwm.o(.text.LDR_LED_init)
    __arm_cp.0_1                             0x08001054   Number         4  light_intensity_pwm.o(.text.LDR_LED_init)
    [Anonymous Symbol]                       0x08001058   Section        0  pir.o(.text.PIR_Init)
    __arm_cp.0_1                             0x080010b8   Number         4  pir.o(.text.PIR_Init)
    __arm_cp.0_2                             0x080010bc   Number         4  pir.o(.text.PIR_Init)
    __arm_cp.0_5                             0x080010c0   Number         4  pir.o(.text.PIR_Init)
    [Anonymous Symbol]                       0x080010c4   Section        0  pwm.o(.text.PWM_init)
    __arm_cp.0_0                             0x08001154   Number         4  pwm.o(.text.PWM_init)
    __arm_cp.0_2                             0x08001158   Number         4  pwm.o(.text.PWM_init)
    [Anonymous Symbol]                       0x0800115c   Section        0  system_stm32f4xx.o(.text.SystemInit)
    __arm_cp.0_0                             0x08001198   Number         4  system_stm32f4xx.o(.text.SystemInit)
    __arm_cp.0_1                             0x0800119c   Number         4  system_stm32f4xx.o(.text.SystemInit)
    __arm_cp.0_2                             0x080011a0   Number         4  system_stm32f4xx.o(.text.SystemInit)
    __arm_cp.0_3                             0x080011a4   Number         4  system_stm32f4xx.o(.text.SystemInit)
    [Anonymous Symbol]                       0x080011a8   Section        0  lcdlab.o(.text.delay)
    [Anonymous Symbol]                       0x080011c0   Section        0  main.o(.text.display_temp)
    __arm_cp.1_0                             0x08001238   Number         4  main.o(.text.display_temp)
    [Anonymous Symbol]                       0x08001248   Section        0  pwm.o(.text.led_brightness)
    __arm_cp.1_2                             0x08001298   Number         4  pwm.o(.text.led_brightness)
    [Anonymous Symbol]                       0x0800129c   Section        0  main.o(.text.main)
    __arm_cp.0_2                             0x080012fc   Number         4  main.o(.text.main)
    [Anonymous Symbol]                       0x08001300   Section        0  lcdlab.o(.text.place_lcd_cursor)
    [Anonymous Symbol]                       0x08001314   Section        0  pushbutton.o(.text.pushbutton_init)
    __arm_cp.0_0                             0x08001374   Number         4  pushbutton.o(.text.pushbutton_init)
    __arm_cp.0_1                             0x08001378   Number         4  pushbutton.o(.text.pushbutton_init)
    __arm_cp.0_2                             0x0800137c   Number         4  pushbutton.o(.text.pushbutton_init)
    __arm_cp.0_3                             0x08001380   Number         4  pushbutton.o(.text.pushbutton_init)
    __arm_cp.0_4                             0x08001384   Number         4  pushbutton.o(.text.pushbutton_init)
    [Anonymous Symbol]                       0x08001388   Section        0  servopwm.o(.text.servo_degree)
    __arm_cp.1_0                             0x080013bc   Number         4  servopwm.o(.text.servo_degree)
    [Anonymous Symbol]                       0x080013c0   Section        0  servopwm.o(.text.servo_init)
    __arm_cp.0_0                             0x08001450   Number         4  servopwm.o(.text.servo_init)
    __arm_cp.0_1                             0x08001454   Number         4  servopwm.o(.text.servo_init)
    __arm_cp.0_2                             0x08001458   Number         4  servopwm.o(.text.servo_init)
    [Anonymous Symbol]                       0x0800145c   Section        0  temp_light_sensor.o(.text.temp_init)
    __arm_cp.0_0                             0x08001548   Number         4  temp_light_sensor.o(.text.temp_init)
    __arm_cp.0_1                             0x0800154c   Number         4  temp_light_sensor.o(.text.temp_init)
    __arm_cp.0_2                             0x08001550   Number         4  temp_light_sensor.o(.text.temp_init)
    __arm_cp.0_3                             0x08001554   Number         4  temp_light_sensor.o(.text.temp_init)
    __arm_cp.0_4                             0x08001558   Number         4  temp_light_sensor.o(.text.temp_init)
    [Anonymous Symbol]                       0x0800155c   Section        0  lcdlab.o(.text.tim6_delay)
    __arm_cp.0_0                             0x08001588   Number         4  lcdlab.o(.text.tim6_delay)
    __arm_cp.0_1                             0x0800158c   Number         4  lcdlab.o(.text.tim6_delay)
    CL$$btod_d2e                             0x08001590   Section       62  btod.o(CL$$btod_d2e)
    CL$$btod_d2e_denorm_low                  0x080015ce   Section       70  btod.o(CL$$btod_d2e_denorm_low)
    CL$$btod_d2e_norm_op1                    0x08001614   Section       96  btod.o(CL$$btod_d2e_norm_op1)
    CL$$btod_div_common                      0x08001674   Section      824  btod.o(CL$$btod_div_common)
    CL$$btod_e2e                             0x080019ac   Section      220  btod.o(CL$$btod_e2e)
    CL$$btod_ediv                            0x08001a88   Section       42  btod.o(CL$$btod_ediv)
    CL$$btod_emul                            0x08001ab2   Section       42  btod.o(CL$$btod_emul)
    CL$$btod_mult_common                     0x08001adc   Section      580  btod.o(CL$$btod_mult_common)
    i.__ARM_fpclassify                       0x08001d20   Section        0  fpclassify.o(i.__ARM_fpclassify)
    i.__hardfp_round                         0x08001d50   Section        0  round.o(i.__hardfp_round)
    i._is_digit                              0x08001e30   Section        0  __printf_wp.o(i._is_digit)
    locale$$code                             0x08001e40   Section       44  lc_numeric_c.o(locale$$code)
    $v0                                      0x08001e6c   Number         0  daddsub_clz.o(x$fpl$dadd)
    x$fpl$dadd                               0x08001e6c   Section      336  daddsub_clz.o(x$fpl$dadd)
    _dadd1                                   0x08001e7d   Thumb Code     0  daddsub_clz.o(x$fpl$dadd)
    $v0                                      0x08001fbc   Number         0  dcmpi.o(x$fpl$dcmpinf)
    x$fpl$dcmpinf                            0x08001fbc   Section       24  dcmpi.o(x$fpl$dcmpinf)
    $v0                                      0x08001fd4   Number         0  ddiv.o(x$fpl$ddiv)
    x$fpl$ddiv                               0x08001fd4   Section      688  ddiv.o(x$fpl$ddiv)
    ddiv_entry                               0x08001fdb   Thumb Code     0  ddiv.o(x$fpl$ddiv)
    $v0                                      0x08002284   Number         0  dfixu.o(x$fpl$dfixu)
    x$fpl$dfixu                              0x08002284   Section       90  dfixu.o(x$fpl$dfixu)
    $v0                                      0x080022de   Number         0  dflt_clz.o(x$fpl$dflt)
    x$fpl$dflt                               0x080022de   Section       46  dflt_clz.o(x$fpl$dflt)
    $v0                                      0x0800230c   Number         0  dleqf.o(x$fpl$dleqf)
    x$fpl$dleqf                              0x0800230c   Section      120  dleqf.o(x$fpl$dleqf)
    $v0                                      0x08002384   Number         0  dmul.o(x$fpl$dmul)
    x$fpl$dmul                               0x08002384   Section      340  dmul.o(x$fpl$dmul)
    $v0                                      0x080024d8   Number         0  dnaninf.o(x$fpl$dnaninf)
    x$fpl$dnaninf                            0x080024d8   Section      156  dnaninf.o(x$fpl$dnaninf)
    $v0                                      0x08002574   Number         0  dretinf.o(x$fpl$dretinf)
    x$fpl$dretinf                            0x08002574   Section       12  dretinf.o(x$fpl$dretinf)
    $v0                                      0x08002580   Number         0  drleqf.o(x$fpl$drleqf)
    x$fpl$drleqf                             0x08002580   Section      108  drleqf.o(x$fpl$drleqf)
    $v0                                      0x080025ec   Number         0  drnd.o(x$fpl$drnd)
    x$fpl$drnd                               0x080025ec   Section      180  drnd.o(x$fpl$drnd)
    $v0                                      0x080026a0   Number         0  daddsub_clz.o(x$fpl$dsub)
    x$fpl$dsub                               0x080026a0   Section      468  daddsub_clz.o(x$fpl$dsub)
    _dsub1                                   0x080026b1   Thumb Code     0  daddsub_clz.o(x$fpl$dsub)
    $v0                                      0x08002874   Number         0  fpinit.o(x$fpl$fpinit)
    x$fpl$fpinit                             0x08002874   Section       26  fpinit.o(x$fpl$fpinit)
    $v0                                      0x0800288e   Number         0  printf1.o(x$fpl$printf1)
    x$fpl$printf1                            0x0800288e   Section        4  printf1.o(x$fpl$printf1)
    x$fpl$usenofp                            0x08002892   Section        0  usenofp.o(x$fpl$usenofp)
    tenpwrs_x                                0x08002894   Data          60  bigflt0.o(.constdata)
    .constdata                               0x08002894   Section      148  bigflt0.o(.constdata)
    tenpwrs_i                                0x080028d0   Data          64  bigflt0.o(.constdata)
    locale$$data                             0x08002938   Section       28  lc_numeric_c.o(locale$$data)
    __lcnum_c_name                           0x0800293c   Data           2  lc_numeric_c.o(locale$$data)
    __lcnum_c_start                          0x08002944   Data           0  lc_numeric_c.o(locale$$data)
    __lcnum_c_point                          0x08002950   Data           0  lc_numeric_c.o(locale$$data)
    __lcnum_c_thousands                      0x08002952   Data           0  lc_numeric_c.o(locale$$data)
    __lcnum_c_grouping                       0x08002953   Data           0  lc_numeric_c.o(locale$$data)
    __lcnum_c_end                            0x08002954   Data           0  lc_numeric_c.o(locale$$data)
    .bss                                     0x20000000   Section       96  libspace.o(.bss)
    [Anonymous Symbol]                       0x20000060   Section        0  temp_light_sensor.o(.bss..L_MergedGlobals)
    Heap_Mem                                 0x20000070   Data         512  startup_stm32f407xx.o(HEAP)
    HEAP                                     0x20000070   Section      512  startup_stm32f407xx.o(HEAP)
    Stack_Mem                                0x20000270   Data        1024  startup_stm32f407xx.o(STACK)
    STACK                                    0x20000270   Section     1024  startup_stm32f407xx.o(STACK)
    __initial_sp                             0x20000670   Data           0  startup_stm32f407xx.o(STACK)

    Global Symbols

    Symbol Name                              Value     Ov Type        Size  Object(Section)

    BuildAttributes$$THM_ISAv4$E$P$D$K$B$S$7EM$VFPi3$EXTD16$VFPS$VFMA$PE$A:L22UL41UL21$X:L11$S22US41US21$IEEE1$IW$~IW$USESV6$~STKCKD$USESV7$~SHL$OTIME$ROPI$IEEEJ$EBA8$UX$STANDARDLIB$REQ8$PRES8$EABIv2 0x00000000   Number         0  anon$$obj.o ABSOLUTE
    _printf_flags                            0x00000000   Number         0  printf_stubs.o ABSOLUTE
    _printf_return_value                     0x00000000   Number         0  printf_stubs.o ABSOLUTE
    _printf_sizespec                         0x00000000   Number         0  printf_stubs.o ABSOLUTE
    _printf_widthprec                        0x00000000   Number         0  printf_stubs.o ABSOLUTE
    __ARM_exceptions_init                     - Undefined Weak Reference
    __alloca_initialize                       - Undefined Weak Reference
    __arm_preinit_                            - Undefined Weak Reference
    __cpp_initialize__aeabi_                  - Undefined Weak Reference
    __cxa_finalize                            - Undefined Weak Reference
    __sigvec_lookup                           - Undefined Weak Reference
    _atexit_init                              - Undefined Weak Reference
    _call_atexit_fns                          - Undefined Weak Reference
    _clock_init                               - Undefined Weak Reference
    _fp_trap_init                             - Undefined Weak Reference
    _fp_trap_shutdown                         - Undefined Weak Reference
    _get_lc_collate                           - Undefined Weak Reference
    _get_lc_ctype                             - Undefined Weak Reference
    _get_lc_monetary                          - Undefined Weak Reference
    _get_lc_time                              - Undefined Weak Reference
    _getenv_init                              - Undefined Weak Reference
    _handle_redirection                       - Undefined Weak Reference
    _init_alloc                               - Undefined Weak Reference
    _init_user_alloc                          - Undefined Weak Reference
    _initio                                   - Undefined Weak Reference
    _printf_post_padding                      - Undefined Weak Reference
    _printf_pre_padding                       - Undefined Weak Reference
    _rand_init                                - Undefined Weak Reference
    _signal_finish                            - Undefined Weak Reference
    _signal_init                              - Undefined Weak Reference
    _terminate_alloc                          - Undefined Weak Reference
    _terminate_user_alloc                     - Undefined Weak Reference
    _terminateio                              - Undefined Weak Reference
    __Vectors_Size                           0x00000188   Number         0  startup_stm32f407xx.o ABSOLUTE
    __Vectors                                0x08000000   Data           4  startup_stm32f407xx.o(RESET)
    __Vectors_End                            0x08000188   Data           0  startup_stm32f407xx.o(RESET)
    __main                                   0x08000189   Thumb Code     8  __main.o(!!!main)
    __scatterload                            0x08000191   Thumb Code     0  __scatter.o(!!!scatter)
    __scatterload_rt2                        0x08000191   Thumb Code    44  __scatter.o(!!!scatter)
    __scatterload_rt2_thumb_only             0x08000191   Thumb Code     0  __scatter.o(!!!scatter)
    __scatterload_null                       0x0800019f   Thumb Code     0  __scatter.o(!!!scatter)
    __scatterload_zeroinit                   0x080001c5   Thumb Code    28  __scatter_zi.o(!!handler_zi)
    _printf_f                                0x080001e1   Thumb Code     0  _printf_f.o(.ARM.Collect$$_printf_percent$$00000003)
    _printf_percent                          0x080001e1   Thumb Code     0  _printf_percent.o(.ARM.Collect$$_printf_percent$$00000000)
    _printf_percent_end                      0x080001e7   Thumb Code     0  _printf_percent_end.o(.ARM.Collect$$_printf_percent$$00000017)
    __rt_lib_init                            0x080001eb   Thumb Code     0  libinit.o(.ARM.Collect$$libinit$$00000000)
    __rt_lib_init_fp_1                       0x080001ed   Thumb Code     0  libinit2.o(.ARM.Collect$$libinit$$00000001)
    __rt_lib_init_heap_1                     0x080001f1   Thumb Code     0  libinit2.o(.ARM.Collect$$libinit$$0000000A)
    __rt_lib_init_lc_common                  0x080001f1   Thumb Code     0  libinit2.o(.ARM.Collect$$libinit$$0000000F)
    __rt_lib_init_preinit_1                  0x080001f1   Thumb Code     0  libinit2.o(.ARM.Collect$$libinit$$00000004)
    __rt_lib_init_rand_1                     0x080001f1   Thumb Code     0  libinit2.o(.ARM.Collect$$libinit$$0000000E)
    __rt_lib_init_user_alloc_1               0x080001f1   Thumb Code     0  libinit2.o(.ARM.Collect$$libinit$$0000000C)
    __rt_lib_init_lc_collate_1               0x080001f7   Thumb Code     0  libinit2.o(.ARM.Collect$$libinit$$00000011)
    __rt_lib_init_lc_ctype_1                 0x080001f7   Thumb Code     0  libinit2.o(.ARM.Collect$$libinit$$00000013)
    __rt_lib_init_lc_monetary_1              0x080001f7   Thumb Code     0  libinit2.o(.ARM.Collect$$libinit$$00000015)
    __rt_lib_init_lc_numeric_2               0x080001f7   Thumb Code     0  libinit2.o(.ARM.Collect$$libinit$$00000016)
    __rt_lib_init_alloca_1                   0x08000201   Thumb Code     0  libinit2.o(.ARM.Collect$$libinit$$0000002E)
    __rt_lib_init_argv_1                     0x08000201   Thumb Code     0  libinit2.o(.ARM.Collect$$libinit$$0000002C)
    __rt_lib_init_atexit_1                   0x08000201   Thumb Code     0  libinit2.o(.ARM.Collect$$libinit$$0000001B)
    __rt_lib_init_clock_1                    0x08000201   Thumb Code     0  libinit2.o(.ARM.Collect$$libinit$$00000021)
    __rt_lib_init_cpp_1                      0x08000201   Thumb Code     0  libinit2.o(.ARM.Collect$$libinit$$00000032)
    __rt_lib_init_exceptions_1               0x08000201   Thumb Code     0  libinit2.o(.ARM.Collect$$libinit$$00000030)
    __rt_lib_init_fp_trap_1                  0x08000201   Thumb Code     0  libinit2.o(.ARM.Collect$$libinit$$0000001F)
    __rt_lib_init_getenv_1                   0x08000201   Thumb Code     0  libinit2.o(.ARM.Collect$$libinit$$00000023)
    __rt_lib_init_lc_numeric_1               0x08000201   Thumb Code     0  libinit2.o(.ARM.Collect$$libinit$$00000017)
    __rt_lib_init_lc_time_1                  0x08000201   Thumb Code     0  libinit2.o(.ARM.Collect$$libinit$$00000019)
    __rt_lib_init_return                     0x08000201   Thumb Code     0  libinit2.o(.ARM.Collect$$libinit$$00000033)
    __rt_lib_init_signal_1                   0x08000201   Thumb Code     0  libinit2.o(.ARM.Collect$$libinit$$0000001D)
    __rt_lib_init_stdio_1                    0x08000201   Thumb Code     0  libinit2.o(.ARM.Collect$$libinit$$00000025)
    __rt_lib_shutdown                        0x08000203   Thumb Code     0  libshutdown.o(.ARM.Collect$$libshutdown$$00000000)
    __rt_lib_shutdown_cpp_1                  0x08000205   Thumb Code     0  libshutdown2.o(.ARM.Collect$$libshutdown$$00000002)
    __rt_lib_shutdown_fp_trap_1              0x08000205   Thumb Code     0  libshutdown2.o(.ARM.Collect$$libshutdown$$00000007)
    __rt_lib_shutdown_heap_1                 0x08000205   Thumb Code     0  libshutdown2.o(.ARM.Collect$$libshutdown$$0000000F)
    __rt_lib_shutdown_return                 0x08000205   Thumb Code     0  libshutdown2.o(.ARM.Collect$$libshutdown$$00000010)
    __rt_lib_shutdown_signal_1               0x08000205   Thumb Code     0  libshutdown2.o(.ARM.Collect$$libshutdown$$0000000A)
    __rt_lib_shutdown_stdio_1                0x08000205   Thumb Code     0  libshutdown2.o(.ARM.Collect$$libshutdown$$00000004)
    __rt_lib_shutdown_user_alloc_1           0x08000205   Thumb Code     0  libshutdown2.o(.ARM.Collect$$libshutdown$$0000000C)
    __rt_entry                               0x08000207   Thumb Code     0  __rtentry.o(.ARM.Collect$$rtentry$$00000000)
    __rt_entry_presh_1                       0x08000207   Thumb Code     0  __rtentry2.o(.ARM.Collect$$rtentry$$00000002)
    __rt_entry_sh                            0x08000207   Thumb Code     0  __rtentry4.o(.ARM.Collect$$rtentry$$00000004)
    __rt_entry_li                            0x0800020d   Thumb Code     0  __rtentry2.o(.ARM.Collect$$rtentry$$0000000A)
    __rt_entry_postsh_1                      0x0800020d   Thumb Code     0  __rtentry2.o(.ARM.Collect$$rtentry$$00000009)
    __rt_entry_main                          0x08000211   Thumb Code     0  __rtentry2.o(.ARM.Collect$$rtentry$$0000000D)
    __rt_entry_postli_1                      0x08000211   Thumb Code     0  __rtentry2.o(.ARM.Collect$$rtentry$$0000000C)
    __rt_exit                                0x08000219   Thumb Code     0  rtexit.o(.ARM.Collect$$rtexit$$00000000)
    __rt_exit_ls                             0x0800021b   Thumb Code     0  rtexit2.o(.ARM.Collect$$rtexit$$00000003)
    __rt_exit_prels_1                        0x0800021b   Thumb Code     0  rtexit2.o(.ARM.Collect$$rtexit$$00000002)
    __rt_exit_exit                           0x0800021f   Thumb Code     0  rtexit2.o(.ARM.Collect$$rtexit$$00000004)
    Reset_Handler                            0x08000225   Thumb Code     8  startup_stm32f407xx.o(.text)
    NMI_Handler                              0x0800022d   Thumb Code     2  startup_stm32f407xx.o(.text)
    HardFault_Handler                        0x0800022f   Thumb Code     2  startup_stm32f407xx.o(.text)
    MemManage_Handler                        0x08000231   Thumb Code     2  startup_stm32f407xx.o(.text)
    BusFault_Handler                         0x08000233   Thumb Code     2  startup_stm32f407xx.o(.text)
    UsageFault_Handler                       0x08000235   Thumb Code     2  startup_stm32f407xx.o(.text)
    SVC_Handler                              0x08000237   Thumb Code     2  startup_stm32f407xx.o(.text)
    DebugMon_Handler                         0x08000239   Thumb Code     2  startup_stm32f407xx.o(.text)
    PendSV_Handler                           0x0800023b   Thumb Code     2  startup_stm32f407xx.o(.text)
    SysTick_Handler                          0x0800023d   Thumb Code     2  startup_stm32f407xx.o(.text)
    CAN1_RX0_IRQHandler                      0x0800023f   Thumb Code     0  startup_stm32f407xx.o(.text)
    CAN1_RX1_IRQHandler                      0x0800023f   Thumb Code     0  startup_stm32f407xx.o(.text)
    CAN1_SCE_IRQHandler                      0x0800023f   Thumb Code     0  startup_stm32f407xx.o(.text)
    CAN1_TX_IRQHandler                       0x0800023f   Thumb Code     0  startup_stm32f407xx.o(.text)
    CAN2_RX0_IRQHandler                      0x0800023f   Thumb Code     0  startup_stm32f407xx.o(.text)
    CAN2_RX1_IRQHandler                      0x0800023f   Thumb Code     0  startup_stm32f407xx.o(.text)
    CAN2_SCE_IRQHandler                      0x0800023f   Thumb Code     0  startup_stm32f407xx.o(.text)
    CAN2_TX_IRQHandler                       0x0800023f   Thumb Code     0  startup_stm32f407xx.o(.text)
    DCMI_IRQHandler                          0x0800023f   Thumb Code     0  startup_stm32f407xx.o(.text)
    DMA1_Stream0_IRQHandler                  0x0800023f   Thumb Code     0  startup_stm32f407xx.o(.text)
    DMA1_Stream1_IRQHandler                  0x0800023f   Thumb Code     0  startup_stm32f407xx.o(.text)
    DMA1_Stream2_IRQHandler                  0x0800023f   Thumb Code     0  startup_stm32f407xx.o(.text)
    DMA1_Stream3_IRQHandler                  0x0800023f   Thumb Code     0  startup_stm32f407xx.o(.text)
    DMA1_Stream4_IRQHandler                  0x0800023f   Thumb Code     0  startup_stm32f407xx.o(.text)
    DMA1_Stream5_IRQHandler                  0x0800023f   Thumb Code     0  startup_stm32f407xx.o(.text)
    DMA1_Stream6_IRQHandler                  0x0800023f   Thumb Code     0  startup_stm32f407xx.o(.text)
    DMA1_Stream7_IRQHandler                  0x0800023f   Thumb Code     0  startup_stm32f407xx.o(.text)
    DMA2_Stream0_IRQHandler                  0x0800023f   Thumb Code     0  startup_stm32f407xx.o(.text)
    DMA2_Stream1_IRQHandler                  0x0800023f   Thumb Code     0  startup_stm32f407xx.o(.text)
    DMA2_Stream2_IRQHandler                  0x0800023f   Thumb Code     0  startup_stm32f407xx.o(.text)
    DMA2_Stream3_IRQHandler                  0x0800023f   Thumb Code     0  startup_stm32f407xx.o(.text)
    DMA2_Stream4_IRQHandler                  0x0800023f   Thumb Code     0  startup_stm32f407xx.o(.text)
    DMA2_Stream5_IRQHandler                  0x0800023f   Thumb Code     0  startup_stm32f407xx.o(.text)
    DMA2_Stream6_IRQHandler                  0x0800023f   Thumb Code     0  startup_stm32f407xx.o(.text)
    DMA2_Stream7_IRQHandler                  0x0800023f   Thumb Code     0  startup_stm32f407xx.o(.text)
    ETH_IRQHandler                           0x0800023f   Thumb Code     0  startup_stm32f407xx.o(.text)
    ETH_WKUP_IRQHandler                      0x0800023f   Thumb Code     0  startup_stm32f407xx.o(.text)
    EXTI15_10_IRQHandler                     0x0800023f   Thumb Code     0  startup_stm32f407xx.o(.text)
    EXTI1_IRQHandler                         0x0800023f   Thumb Code     0  startup_stm32f407xx.o(.text)
    EXTI2_IRQHandler                         0x0800023f   Thumb Code     0  startup_stm32f407xx.o(.text)
    EXTI4_IRQHandler                         0x0800023f   Thumb Code     0  startup_stm32f407xx.o(.text)
    EXTI9_5_IRQHandler                       0x0800023f   Thumb Code     0  startup_stm32f407xx.o(.text)
    FLASH_IRQHandler                         0x0800023f   Thumb Code     0  startup_stm32f407xx.o(.text)
    FMC_IRQHandler                           0x0800023f   Thumb Code     0  startup_stm32f407xx.o(.text)
    FPU_IRQHandler                           0x0800023f   Thumb Code     0  startup_stm32f407xx.o(.text)
    HASH_RNG_IRQHandler                      0x0800023f   Thumb Code     0  startup_stm32f407xx.o(.text)
    I2C1_ER_IRQHandler                       0x0800023f   Thumb Code     0  startup_stm32f407xx.o(.text)
    I2C1_EV_IRQHandler                       0x0800023f   Thumb Code     0  startup_stm32f407xx.o(.text)
    I2C2_ER_IRQHandler                       0x0800023f   Thumb Code     0  startup_stm32f407xx.o(.text)
    I2C2_EV_IRQHandler                       0x0800023f   Thumb Code     0  startup_stm32f407xx.o(.text)
    I2C3_ER_IRQHandler                       0x0800023f   Thumb Code     0  startup_stm32f407xx.o(.text)
    I2C3_EV_IRQHandler                       0x0800023f   Thumb Code     0  startup_stm32f407xx.o(.text)
    OTG_FS_IRQHandler                        0x0800023f   Thumb Code     0  startup_stm32f407xx.o(.text)
    OTG_FS_WKUP_IRQHandler                   0x0800023f   Thumb Code     0  startup_stm32f407xx.o(.text)
    OTG_HS_EP1_IN_IRQHandler                 0x0800023f   Thumb Code     0  startup_stm32f407xx.o(.text)
    OTG_HS_EP1_OUT_IRQHandler                0x0800023f   Thumb Code     0  startup_stm32f407xx.o(.text)
    OTG_HS_IRQHandler                        0x0800023f   Thumb Code     0  startup_stm32f407xx.o(.text)
    OTG_HS_WKUP_IRQHandler                   0x0800023f   Thumb Code     0  startup_stm32f407xx.o(.text)
    PVD_IRQHandler                           0x0800023f   Thumb Code     0  startup_stm32f407xx.o(.text)
    RCC_IRQHandler                           0x0800023f   Thumb Code     0  startup_stm32f407xx.o(.text)
    RTC_Alarm_IRQHandler                     0x0800023f   Thumb Code     0  startup_stm32f407xx.o(.text)
    RTC_WKUP_IRQHandler                      0x0800023f   Thumb Code     0  startup_stm32f407xx.o(.text)
    SDIO_IRQHandler                          0x0800023f   Thumb Code     0  startup_stm32f407xx.o(.text)
    SPI1_IRQHandler                          0x0800023f   Thumb Code     0  startup_stm32f407xx.o(.text)
    SPI2_IRQHandler                          0x0800023f   Thumb Code     0  startup_stm32f407xx.o(.text)
    SPI3_IRQHandler                          0x0800023f   Thumb Code     0  startup_stm32f407xx.o(.text)
    TAMP_STAMP_IRQHandler                    0x0800023f   Thumb Code     0  startup_stm32f407xx.o(.text)
    TIM1_BRK_TIM9_IRQHandler                 0x0800023f   Thumb Code     0  startup_stm32f407xx.o(.text)
    TIM1_CC_IRQHandler                       0x0800023f   Thumb Code     0  startup_stm32f407xx.o(.text)
    TIM1_TRG_COM_TIM11_IRQHandler            0x0800023f   Thumb Code     0  startup_stm32f407xx.o(.text)
    TIM1_UP_TIM10_IRQHandler                 0x0800023f   Thumb Code     0  startup_stm32f407xx.o(.text)
    TIM2_IRQHandler                          0x0800023f   Thumb Code     0  startup_stm32f407xx.o(.text)
    TIM3_IRQHandler                          0x0800023f   Thumb Code     0  startup_stm32f407xx.o(.text)
    TIM4_IRQHandler                          0x0800023f   Thumb Code     0  startup_stm32f407xx.o(.text)
    TIM5_IRQHandler                          0x0800023f   Thumb Code     0  startup_stm32f407xx.o(.text)
    TIM6_DAC_IRQHandler                      0x0800023f   Thumb Code     0  startup_stm32f407xx.o(.text)
    TIM7_IRQHandler                          0x0800023f   Thumb Code     0  startup_stm32f407xx.o(.text)
    TIM8_BRK_TIM12_IRQHandler                0x0800023f   Thumb Code     0  startup_stm32f407xx.o(.text)
    TIM8_CC_IRQHandler                       0x0800023f   Thumb Code     0  startup_stm32f407xx.o(.text)
    TIM8_TRG_COM_TIM14_IRQHandler            0x0800023f   Thumb Code     0  startup_stm32f407xx.o(.text)
    TIM8_UP_TIM13_IRQHandler                 0x0800023f   Thumb Code     0  startup_stm32f407xx.o(.text)
    UART4_IRQHandler                         0x0800023f   Thumb Code     0  startup_stm32f407xx.o(.text)
    UART5_IRQHandler                         0x0800023f   Thumb Code     0  startup_stm32f407xx.o(.text)
    USART1_IRQHandler                        0x0800023f   Thumb Code     0  startup_stm32f407xx.o(.text)
    USART2_IRQHandler                        0x0800023f   Thumb Code     0  startup_stm32f407xx.o(.text)
    USART3_IRQHandler                        0x0800023f   Thumb Code     0  startup_stm32f407xx.o(.text)
    USART6_IRQHandler                        0x0800023f   Thumb Code     0  startup_stm32f407xx.o(.text)
    WWDG_IRQHandler                          0x0800023f   Thumb Code     0  startup_stm32f407xx.o(.text)
    __user_initial_stackheap                 0x08000241   Thumb Code     0  startup_stm32f407xx.o(.text)
    __2sprintf                               0x08000265   Thumb Code    34  noretval__2sprintf.o(.text)
    __printf                                 0x0800028d   Thumb Code   270  __printf_wp.o(.text)
    strlen                                   0x0800039b   Thumb Code    62  strlen.o(.text)
    __use_two_region_memory                  0x080003d9   Thumb Code     2  heapauxi.o(.text)
    __rt_heap_escrow$2region                 0x080003db   Thumb Code     2  heapauxi.o(.text)
    __rt_heap_expand$2region                 0x080003dd   Thumb Code     2  heapauxi.o(.text)
    _printf_fp_dec_real                      0x0800058f   Thumb Code   620  _printf_fp_dec.o(.text)
    _printf_char_common                      0x08000807   Thumb Code    32  _printf_char_common.o(.text)
    _sputc                                   0x0800082d   Thumb Code    10  _sputc.o(.text)
    __rt_locale                              0x08000839   Thumb Code     8  rt_locale_intlibspace.o(.text)
    _ll_udiv10                               0x08000841   Thumb Code   138  lludiv10.o(.text)
    _printf_fp_infnan                        0x080008cd   Thumb Code   112  _printf_fp_infnan.o(.text)
    _btod_etento                             0x0800094d   Thumb Code   224  bigflt0.o(.text)
    __user_libspace                          0x08000a31   Thumb Code     8  libspace.o(.text)
    __user_perproc_libspace                  0x08000a31   Thumb Code     0  libspace.o(.text)
    __user_perthread_libspace                0x08000a31   Thumb Code     0  libspace.o(.text)
    __user_setup_stackheap                   0x08000a39   Thumb Code    74  sys_stackheap_outer.o(.text)
    exit                                     0x08000a83   Thumb Code    18  exit.o(.text)
    strcmp                                   0x08000a99   Thumb Code   124  strcmpv7em.o(.text)
    _sys_exit                                0x08000b15   Thumb Code     8  sys_exit.o(.text)
    __I$use$semihosting                      0x08000b21   Thumb Code     0  use_no_semi.o(.text)
    __use_no_semihosting_swi                 0x08000b21   Thumb Code     2  use_no_semi.o(.text)
    __semihosting_library_function           0x08000b23   Thumb Code     0  indicate_semi.o(.text)
    ADC_IRQHandler                           0x08000b25   Thumb Code    36  temp_light_sensor.o(.text.ADC_IRQHandler)
    EXTI0_IRQHandler                         0x08000b49   Thumb Code   164  pir.o(.text.EXTI0_IRQHandler)
    EXTI3_IRQHandler                         0x08000bed   Thumb Code    76  pushbutton.o(.text.EXTI3_IRQHandler)
    LCD_SendCmd                              0x08000c39   Thumb Code    96  lcdlab.o(.text.LCD_SendCmd)
    LCD_SendData                             0x08000c99   Thumb Code   104  lcdlab.o(.text.LCD_SendData)
    LCD_init                                 0x08000d01   Thumb Code   476  lcdlab.o(.text.LCD_init)
    LCD_port_init                            0x08000edd   Thumb Code    28  lcdlab.o(.text.LCD_port_init)
    LCD_write                                0x08000ef9   Thumb Code   108  lcdlab.o(.text.LCD_write)
    LCD_write_num                            0x08000f65   Thumb Code    32  lcdlab.o(.text.LCD_write_num)
    LCD_write_string                         0x08000f85   Thumb Code    28  lcdlab.o(.text.LCD_write_string)
    LDR_LED_init                             0x08000fa1   Thumb Code   184  light_intensity_pwm.o(.text.LDR_LED_init)
    PIR_Init                                 0x08001059   Thumb Code   108  pir.o(.text.PIR_Init)
    PWM_init                                 0x080010c5   Thumb Code   152  pwm.o(.text.PWM_init)
    SystemInit                               0x0800115d   Thumb Code    76  system_stm32f4xx.o(.text.SystemInit)
    delay                                    0x080011a9   Thumb Code    18  lcdlab.o(.text.delay)
    display_temp                             0x080011c1   Thumb Code   132  main.o(.text.display_temp)
    led_brightness                           0x08001249   Thumb Code    84  pwm.o(.text.led_brightness)
    main                                     0x0800129d   Thumb Code   100  main.o(.text.main)
    place_lcd_cursor                         0x08001301   Thumb Code    20  lcdlab.o(.text.place_lcd_cursor)
    pushbutton_init                          0x08001315   Thumb Code   116  pushbutton.o(.text.pushbutton_init)
    servo_degree                             0x08001389   Thumb Code    56  servopwm.o(.text.servo_degree)
    servo_init                               0x080013c1   Thumb Code   156  servopwm.o(.text.servo_init)
    temp_init                                0x0800145d   Thumb Code   256  temp_light_sensor.o(.text.temp_init)
    tim6_delay                               0x0800155d   Thumb Code    52  lcdlab.o(.text.tim6_delay)
    _btod_d2e                                0x08001591   Thumb Code    62  btod.o(CL$$btod_d2e)
    _d2e_denorm_low                          0x080015cf   Thumb Code    70  btod.o(CL$$btod_d2e_denorm_low)
    _d2e_norm_op1                            0x08001615   Thumb Code    96  btod.o(CL$$btod_d2e_norm_op1)
    __btod_div_common                        0x08001675   Thumb Code   696  btod.o(CL$$btod_div_common)
    _e2e                                     0x080019ad   Thumb Code   220  btod.o(CL$$btod_e2e)
    _btod_ediv                               0x08001a89   Thumb Code    42  btod.o(CL$$btod_ediv)
    _btod_emul                               0x08001ab3   Thumb Code    42  btod.o(CL$$btod_emul)
    __btod_mult_common                       0x08001add   Thumb Code   580  btod.o(CL$$btod_mult_common)
    __ARM_fpclassify                         0x08001d21   Thumb Code    48  fpclassify.o(i.__ARM_fpclassify)
    __hardfp_round                           0x08001d51   Thumb Code   194  round.o(i.__hardfp_round)
    _is_digit                                0x08001e31   Thumb Code    14  __printf_wp.o(i._is_digit)
    _get_lc_numeric                          0x08001e41   Thumb Code    44  lc_numeric_c.o(locale$$code)
    __aeabi_dadd                             0x08001e6d   Thumb Code     0  daddsub_clz.o(x$fpl$dadd)
    _dadd                                    0x08001e6d   Thumb Code   332  daddsub_clz.o(x$fpl$dadd)
    __fpl_dcmp_Inf                           0x08001fbd   Thumb Code    24  dcmpi.o(x$fpl$dcmpinf)
    __aeabi_ddiv                             0x08001fd5   Thumb Code     0  ddiv.o(x$fpl$ddiv)
    _ddiv                                    0x08001fd5   Thumb Code   552  ddiv.o(x$fpl$ddiv)
    __aeabi_d2uiz                            0x08002285   Thumb Code     0  dfixu.o(x$fpl$dfixu)
    _dfixu                                   0x08002285   Thumb Code    90  dfixu.o(x$fpl$dfixu)
    __aeabi_i2d                              0x080022df   Thumb Code     0  dflt_clz.o(x$fpl$dflt)
    _dflt                                    0x080022df   Thumb Code    46  dflt_clz.o(x$fpl$dflt)
    __aeabi_cdcmple                          0x0800230d   Thumb Code     0  dleqf.o(x$fpl$dleqf)
    _dcmple                                  0x0800230d   Thumb Code   120  dleqf.o(x$fpl$dleqf)
    __fpl_dcmple_InfNaN                      0x0800236f   Thumb Code     0  dleqf.o(x$fpl$dleqf)
    __aeabi_dmul                             0x08002385   Thumb Code     0  dmul.o(x$fpl$dmul)
    _dmul                                    0x08002385   Thumb Code   332  dmul.o(x$fpl$dmul)
    __fpl_dnaninf                            0x080024d9   Thumb Code   156  dnaninf.o(x$fpl$dnaninf)
    __fpl_dretinf                            0x08002575   Thumb Code    12  dretinf.o(x$fpl$dretinf)
    __aeabi_cdrcmple                         0x08002581   Thumb Code     0  drleqf.o(x$fpl$drleqf)
    _drcmple                                 0x08002581   Thumb Code   108  drleqf.o(x$fpl$drleqf)
    _drnd                                    0x080025ed   Thumb Code   180  drnd.o(x$fpl$drnd)
    __aeabi_dsub                             0x080026a1   Thumb Code     0  daddsub_clz.o(x$fpl$dsub)
    _dsub                                    0x080026a1   Thumb Code   464  daddsub_clz.o(x$fpl$dsub)
    _fp_init                                 0x08002875   Thumb Code    26  fpinit.o(x$fpl$fpinit)
    __fplib_config_fpu_vfp                   0x0800288d   Thumb Code     0  fpinit.o(x$fpl$fpinit)
    __fplib_config_pureend_doubles           0x0800288d   Thumb Code     0  fpinit.o(x$fpl$fpinit)
    _printf_fp_dec                           0x0800288f   Thumb Code     4  printf1.o(x$fpl$printf1)
    __I$use$fp                               0x08002892   Number         0  usenofp.o(x$fpl$usenofp)
    Region$$Table$$Base                      0x08002928   Number         0  anon$$obj.o(Region$$Table)
    Region$$Table$$Limit                     0x08002938   Number         0  anon$$obj.o(Region$$Table)
    __libspace_start                         0x20000000   Data          96  libspace.o(.bss)
    TEMP_DATA                                0x20000060   Data           4  temp_light_sensor.o(.bss..L_MergedGlobals)
    __temporary_stack_top$libspace           0x20000060   Data           0  libspace.o(.bss)
    LIGHT_DATA                               0x20000064   Data           4  temp_light_sensor.o(.bss..L_MergedGlobals)
    MotionSensed                             0x20000068   Data           4  pir.o(.bss.MotionSensed)
    toggle                                   0x2000006c   Data           4  pushbutton.o(.bss.toggle)



==============================================================================

Memory Map of the image

  Image Entry point : 0x08000189

  Load Region LR_IROM1 (Base: 0x08000000, Size: 0x00002954, Max: 0x00100000, ABSOLUTE)

    Execution Region ER_IROM1 (Exec base: 0x08000000, Load base: 0x08000000, Size: 0x00002954, Max: 0x00100000, ABSOLUTE)

    Exec Addr    Load Addr    Size         Type   Attr      Idx    E Section Name        Object

    0x08000000   0x08000000   0x00000188   Data   RO          116    RESET               startup_stm32f407xx.o
    0x08000188   0x08000188   0x00000008   Code   RO          172  * !!!main             c_w.l(__main.o)
    0x08000190   0x08000190   0x00000034   Code   RO          436    !!!scatter          c_w.l(__scatter.o)
    0x080001c4   0x080001c4   0x0000001c   Code   RO          438    !!handler_zi        c_w.l(__scatter_zi.o)
    0x080001e0   0x080001e0   0x00000000   Code   RO          167    .ARM.Collect$$_printf_percent$$00000000  c_w.l(_printf_percent.o)
    0x080001e0   0x080001e0   0x00000006   Code   RO          166    .ARM.Collect$$_printf_percent$$00000003  c_w.l(_printf_f.o)
    0x080001e6   0x080001e6   0x00000004   Code   RO          211    .ARM.Collect$$_printf_percent$$00000017  c_w.l(_printf_percent_end.o)
    0x080001ea   0x080001ea   0x00000002   Code   RO          301    .ARM.Collect$$libinit$$00000000  c_w.l(libinit.o)
    0x080001ec   0x080001ec   0x00000004   Code   RO          302    .ARM.Collect$$libinit$$00000001  c_w.l(libinit2.o)
    0x080001f0   0x080001f0   0x00000000   Code   RO          305    .ARM.Collect$$libinit$$00000004  c_w.l(libinit2.o)
    0x080001f0   0x080001f0   0x00000000   Code   RO          308    .ARM.Collect$$libinit$$0000000A  c_w.l(libinit2.o)
    0x080001f0   0x080001f0   0x00000000   Code   RO          310    .ARM.Collect$$libinit$$0000000C  c_w.l(libinit2.o)
    0x080001f0   0x080001f0   0x00000000   Code   RO          312    .ARM.Collect$$libinit$$0000000E  c_w.l(libinit2.o)
    0x080001f0   0x080001f0   0x00000006   Code   RO          313    .ARM.Collect$$libinit$$0000000F  c_w.l(libinit2.o)
    0x080001f6   0x080001f6   0x00000000   Code   RO          315    .ARM.Collect$$libinit$$00000011  c_w.l(libinit2.o)
    0x080001f6   0x080001f6   0x00000000   Code   RO          317    .ARM.Collect$$libinit$$00000013  c_w.l(libinit2.o)
    0x080001f6   0x080001f6   0x00000000   Code   RO          319    .ARM.Collect$$libinit$$00000015  c_w.l(libinit2.o)
    0x080001f6   0x080001f6   0x0000000a   Code   RO          320    .ARM.Collect$$libinit$$00000016  c_w.l(libinit2.o)
    0x08000200   0x08000200   0x00000000   Code   RO          321    .ARM.Collect$$libinit$$00000017  c_w.l(libinit2.o)
    0x08000200   0x08000200   0x00000000   Code   RO          323    .ARM.Collect$$libinit$$00000019  c_w.l(libinit2.o)
    0x08000200   0x08000200   0x00000000   Code   RO          325    .ARM.Collect$$libinit$$0000001B  c_w.l(libinit2.o)
    0x08000200   0x08000200   0x00000000   Code   RO          327    .ARM.Collect$$libinit$$0000001D  c_w.l(libinit2.o)
    0x08000200   0x08000200   0x00000000   Code   RO          329    .ARM.Collect$$libinit$$0000001F  c_w.l(libinit2.o)
    0x08000200   0x08000200   0x00000000   Code   RO          331    .ARM.Collect$$libinit$$00000021  c_w.l(libinit2.o)
    0x08000200   0x08000200   0x00000000   Code   RO          333    .ARM.Collect$$libinit$$00000023  c_w.l(libinit2.o)
    0x08000200   0x08000200   0x00000000   Code   RO          335    .ARM.Collect$$libinit$$00000025  c_w.l(libinit2.o)
    0x08000200   0x08000200   0x00000000   Code   RO          339    .ARM.Collect$$libinit$$0000002C  c_w.l(libinit2.o)
    0x08000200   0x08000200   0x00000000   Code   RO          341    .ARM.Collect$$libinit$$0000002E  c_w.l(libinit2.o)
    0x08000200   0x08000200   0x00000000   Code   RO          343    .ARM.Collect$$libinit$$00000030  c_w.l(libinit2.o)
    0x08000200   0x08000200   0x00000000   Code   RO          345    .ARM.Collect$$libinit$$00000032  c_w.l(libinit2.o)
    0x08000200   0x08000200   0x00000002   Code   RO          346    .ARM.Collect$$libinit$$00000033  c_w.l(libinit2.o)
    0x08000202   0x08000202   0x00000002   Code   RO          382    .ARM.Collect$$libshutdown$$00000000  c_w.l(libshutdown.o)
    0x08000204   0x08000204   0x00000000   Code   RO          393    .ARM.Collect$$libshutdown$$00000002  c_w.l(libshutdown2.o)
    0x08000204   0x08000204   0x00000000   Code   RO          395    .ARM.Collect$$libshutdown$$00000004  c_w.l(libshutdown2.o)
    0x08000204   0x08000204   0x00000000   Code   RO          398    .ARM.Collect$$libshutdown$$00000007  c_w.l(libshutdown2.o)
    0x08000204   0x08000204   0x00000000   Code   RO          401    .ARM.Collect$$libshutdown$$0000000A  c_w.l(libshutdown2.o)
    0x08000204   0x08000204   0x00000000   Code   RO          403    .ARM.Collect$$libshutdown$$0000000C  c_w.l(libshutdown2.o)
    0x08000204   0x08000204   0x00000000   Code   RO          406    .ARM.Collect$$libshutdown$$0000000F  c_w.l(libshutdown2.o)
    0x08000204   0x08000204   0x00000002   Code   RO          407    .ARM.Collect$$libshutdown$$00000010  c_w.l(libshutdown2.o)
    0x08000206   0x08000206   0x00000000   Code   RO          202    .ARM.Collect$$rtentry$$00000000  c_w.l(__rtentry.o)
    0x08000206   0x08000206   0x00000000   Code   RO          224    .ARM.Collect$$rtentry$$00000002  c_w.l(__rtentry2.o)
    0x08000206   0x08000206   0x00000006   Code   RO          236    .ARM.Collect$$rtentry$$00000004  c_w.l(__rtentry4.o)
    0x0800020c   0x0800020c   0x00000000   Code   RO          226    .ARM.Collect$$rtentry$$00000009  c_w.l(__rtentry2.o)
    0x0800020c   0x0800020c   0x00000004   Code   RO          227    .ARM.Collect$$rtentry$$0000000A  c_w.l(__rtentry2.o)
    0x08000210   0x08000210   0x00000000   Code   RO          229    .ARM.Collect$$rtentry$$0000000C  c_w.l(__rtentry2.o)
    0x08000210   0x08000210   0x00000008   Code   RO          230    .ARM.Collect$$rtentry$$0000000D  c_w.l(__rtentry2.o)
    0x08000218   0x08000218   0x00000002   Code   RO          347    .ARM.Collect$$rtexit$$00000000  c_w.l(rtexit.o)
    0x0800021a   0x0800021a   0x00000000   Code   RO          356    .ARM.Collect$$rtexit$$00000002  c_w.l(rtexit2.o)
    0x0800021a   0x0800021a   0x00000004   Code   RO          357    .ARM.Collect$$rtexit$$00000003  c_w.l(rtexit2.o)
    0x0800021e   0x0800021e   0x00000006   Code   RO          358    .ARM.Collect$$rtexit$$00000004  c_w.l(rtexit2.o)
    0x08000224   0x08000224   0x00000040   Code   RO          117    .text               startup_stm32f407xx.o
    0x08000264   0x08000264   0x00000028   Code   RO          142    .text               c_w.l(noretval__2sprintf.o)
    0x0800028c   0x0800028c   0x0000010e   Code   RO          154    .text               c_w.l(__printf_wp.o)
    0x0800039a   0x0800039a   0x0000003e   Code   RO          168    .text               c_w.l(strlen.o)
    0x080003d8   0x080003d8   0x00000006   Code   RO          170    .text               c_w.l(heapauxi.o)
    0x080003de   0x080003de   0x0000041c   Code   RO          203    .text               c_w.l(_printf_fp_dec.o)
    0x080007fa   0x080007fa   0x00000002   PAD
    0x080007fc   0x080007fc   0x00000030   Code   RO          207    .text               c_w.l(_printf_char_common.o)
    0x0800082c   0x0800082c   0x0000000a   Code   RO          209    .text               c_w.l(_sputc.o)
    0x08000836   0x08000836   0x00000002   PAD
    0x08000838   0x08000838   0x00000008   Code   RO          241    .text               c_w.l(rt_locale_intlibspace.o)
    0x08000840   0x08000840   0x0000008a   Code   RO          243    .text               c_w.l(lludiv10.o)
    0x080008ca   0x080008ca   0x00000002   PAD
    0x080008cc   0x080008cc   0x00000080   Code   RO          245    .text               c_w.l(_printf_fp_infnan.o)
    0x0800094c   0x0800094c   0x000000e4   Code   RO          249    .text               c_w.l(bigflt0.o)
    0x08000a30   0x08000a30   0x00000008   Code   RO          285    .text               c_w.l(libspace.o)
    0x08000a38   0x08000a38   0x0000004a   Code   RO          288    .text               c_w.l(sys_stackheap_outer.o)
    0x08000a82   0x08000a82   0x00000012   Code   RO          292    .text               c_w.l(exit.o)
    0x08000a94   0x08000a94   0x00000004   PAD
    0x08000a98   0x08000a98   0x0000007c   Code   RO          294    .text               c_w.l(strcmpv7em.o)
    0x08000b14   0x08000b14   0x0000000c   Code   RO          368    .text               c_w.l(sys_exit.o)
    0x08000b20   0x08000b20   0x00000002   Code   RO          383    .text               c_w.l(use_no_semi.o)
    0x08000b22   0x08000b22   0x00000000   Code   RO          385    .text               c_w.l(indicate_semi.o)
    0x08000b22   0x08000b22   0x00000002   PAD
    0x08000b24   0x08000b24   0x00000024   Code   RO           81    .text.ADC_IRQHandler  temp_light_sensor.o
    0x08000b48   0x08000b48   0x000000a4   Code   RO            4    .text.EXTI0_IRQHandler  pir.o
    0x08000bec   0x08000bec   0x0000004c   Code   RO          105    .text.EXTI3_IRQHandler  pushbutton.o
    0x08000c38   0x08000c38   0x00000060   Code   RO           49    .text.LCD_SendCmd   lcdlab.o
    0x08000c98   0x08000c98   0x00000068   Code   RO           59    .text.LCD_SendData  lcdlab.o
    0x08000d00   0x08000d00   0x000001dc   Code   RO           45    .text.LCD_init      lcdlab.o
    0x08000edc   0x08000edc   0x0000001c   Code   RO           43    .text.LCD_port_init  lcdlab.o
    0x08000ef8   0x08000ef8   0x0000006c   Code   RO           51    .text.LCD_write     lcdlab.o
    0x08000f64   0x08000f64   0x00000020   Code   RO           55    .text.LCD_write_num  lcdlab.o
    0x08000f84   0x08000f84   0x0000001c   Code   RO           53    .text.LCD_write_string  lcdlab.o
    0x08000fa0   0x08000fa0   0x000000b8   Code   RO           71    .text.LDR_LED_init  light_intensity_pwm.o
    0x08001058   0x08001058   0x0000006c   Code   RO            2    .text.PIR_Init      pir.o
    0x080010c4   0x080010c4   0x00000098   Code   RO           91    .text.PWM_init      pwm.o
    0x0800115c   0x0800115c   0x0000004c   Code   RO          124    .text.SystemInit    system_stm32f4xx.o
    0x080011a8   0x080011a8   0x00000012   Code   RO           41    .text.delay         lcdlab.o
    0x080011ba   0x080011ba   0x00000006   PAD
    0x080011c0   0x080011c0   0x00000084   Code   RO           28    .text.display_temp  main.o
    0x08001244   0x08001244   0x00000004   PAD
    0x08001248   0x08001248   0x00000054   Code   RO           93    .text.led_brightness  pwm.o
    0x0800129c   0x0800129c   0x00000064   Code   RO           26    .text.main          main.o
    0x08001300   0x08001300   0x00000014   Code   RO           47    .text.place_lcd_cursor  lcdlab.o
    0x08001314   0x08001314   0x00000074   Code   RO          103    .text.pushbutton_init  pushbutton.o
    0x08001388   0x08001388   0x00000038   Code   RO           16    .text.servo_degree  servopwm.o
    0x080013c0   0x080013c0   0x0000009c   Code   RO           14    .text.servo_init    servopwm.o
    0x0800145c   0x0800145c   0x00000100   Code   RO           79    .text.temp_init     temp_light_sensor.o
    0x0800155c   0x0800155c   0x00000034   Code   RO           39    .text.tim6_delay    lcdlab.o
    0x08001590   0x08001590   0x0000003e   Code   RO          252    CL$$btod_d2e        c_w.l(btod.o)
    0x080015ce   0x080015ce   0x00000046   Code   RO          254    CL$$btod_d2e_denorm_low  c_w.l(btod.o)
    0x08001614   0x08001614   0x00000060   Code   RO          253    CL$$btod_d2e_norm_op1  c_w.l(btod.o)
    0x08001674   0x08001674   0x00000338   Code   RO          262    CL$$btod_div_common  c_w.l(btod.o)
    0x080019ac   0x080019ac   0x000000dc   Code   RO          259    CL$$btod_e2e        c_w.l(btod.o)
    0x08001a88   0x08001a88   0x0000002a   Code   RO          256    CL$$btod_ediv       c_w.l(btod.o)
    0x08001ab2   0x08001ab2   0x0000002a   Code   RO          255    CL$$btod_emul       c_w.l(btod.o)
    0x08001adc   0x08001adc   0x00000244   Code   RO          261    CL$$btod_mult_common  c_w.l(btod.o)
    0x08001d20   0x08001d20   0x00000030   Code   RO          283    i.__ARM_fpclassify  m_wm.l(fpclassify.o)
    0x08001d50   0x08001d50   0x000000e0   Code   RO          198    i.__hardfp_round    m_wm.l(round.o)
    0x08001e30   0x08001e30   0x0000000e   Code   RO          156    i._is_digit         c_w.l(__printf_wp.o)
    0x08001e3e   0x08001e3e   0x00000002   PAD
    0x08001e40   0x08001e40   0x0000002c   Code   RO          277    locale$$code        c_w.l(lc_numeric_c.o)
    0x08001e6c   0x08001e6c   0x00000150   Code   RO          174    x$fpl$dadd          fz_wm.l(daddsub_clz.o)
    0x08001fbc   0x08001fbc   0x00000018   Code   RO          279    x$fpl$dcmpinf       fz_wm.l(dcmpi.o)
    0x08001fd4   0x08001fd4   0x000002b0   Code   RO          181    x$fpl$ddiv          fz_wm.l(ddiv.o)
    0x08002284   0x08002284   0x0000005a   Code   RO          184    x$fpl$dfixu         fz_wm.l(dfixu.o)
    0x080022de   0x080022de   0x0000002e   Code   RO          189    x$fpl$dflt          fz_wm.l(dflt_clz.o)
    0x0800230c   0x0800230c   0x00000078   Code   RO          212    x$fpl$dleqf         fz_wm.l(dleqf.o)
    0x08002384   0x08002384   0x00000154   Code   RO          194    x$fpl$dmul          fz_wm.l(dmul.o)
    0x080024d8   0x080024d8   0x0000009c   Code   RO          214    x$fpl$dnaninf       fz_wm.l(dnaninf.o)
    0x08002574   0x08002574   0x0000000c   Code   RO          216    x$fpl$dretinf       fz_wm.l(dretinf.o)
    0x08002580   0x08002580   0x0000006c   Code   RO          218    x$fpl$drleqf        fz_wm.l(drleqf.o)
    0x080025ec   0x080025ec   0x000000b4   Code   RO          220    x$fpl$drnd          fz_wm.l(drnd.o)
    0x080026a0   0x080026a0   0x000001d4   Code   RO          176    x$fpl$dsub          fz_wm.l(daddsub_clz.o)
    0x08002874   0x08002874   0x0000001a   Code   RO          353    x$fpl$fpinit        fz_wm.l(fpinit.o)
    0x0800288e   0x0800288e   0x00000004   Code   RO          196    x$fpl$printf1       fz_wm.l(printf1.o)
    0x08002892   0x08002892   0x00000000   Code   RO          222    x$fpl$usenofp       fz_wm.l(usenofp.o)
    0x08002892   0x08002892   0x00000002   PAD
    0x08002894   0x08002894   0x00000094   Data   RO          250    .constdata          c_w.l(bigflt0.o)
    0x08002928   0x08002928   0x00000010   Data   RO          435    Region$$Table       anon$$obj.o
    0x08002938   0x08002938   0x0000001c   Data   RO          276    locale$$data        c_w.l(lc_numeric_c.o)


    Execution Region RW_IRAM1 (Exec base: 0x20000000, Load base: 0x08002954, Size: 0x00000670, Max: 0x00020000, ABSOLUTE)

    Exec Addr    Load Addr    Size         Type   Attr      Idx    E Section Name        Object

    0x20000000        -       0x00000060   Zero   RW          286    .bss                c_w.l(libspace.o)
    0x20000060        -       0x00000008   Zero   RW           83    .bss..L_MergedGlobals  temp_light_sensor.o
    0x20000068        -       0x00000004   Zero   RW            6    .bss.MotionSensed   pir.o
    0x2000006c        -       0x00000004   Zero   RW          107    .bss.toggle         pushbutton.o
    0x20000070        -       0x00000200   Zero   RW          115    HEAP                startup_stm32f407xx.o
    0x20000270        -       0x00000400   Zero   RW          114    STACK               startup_stm32f407xx.o


==============================================================================

Image component sizes


      Code (inc. data)   RO Data    RW Data    ZI Data      Debug   Object Name

       962         24          0          0          0       4413   lcdlab.o
       184          4          0          0          0       2086   light_intensity_pwm.o
       232         56          0          0          0        684   main.o
       272         72          0          0          4       5333   pir.o
       192         36          0          0          4       4753   pushbutton.o
       236         28          0          0          0       2304   pwm.o
       212         16          0          0          0       2321   servopwm.o
        64         26        392          0       1536        916   startup_stm32f407xx.o
        76         16          0          0          0       2825   system_stm32f4xx.o
       292         28          0          0          8       5490   temp_light_sensor.o

    ----------------------------------------------------------------------
      2732        310        408          0       1552      31125   Object Totals
         0          0         16          0          0          0   (incl. Generated)
        10          4          0          0          0          0   (incl. Padding)

    ----------------------------------------------------------------------

      Code (inc. data)   RO Data    RW Data    ZI Data      Debug   Library Member Name

         8          0          0          0          0         68   __main.o
       284          0          0          0          0        156   __printf_wp.o
         0          0          0          0          0          0   __rtentry.o
        12          0          0          0          0          0   __rtentry2.o
         6          0          0          0          0          0   __rtentry4.o
        52          8          0          0          0          0   __scatter.o
        28          0          0          0          0          0   __scatter_zi.o
        48          6          0          0          0         96   _printf_char_common.o
         6          0          0          0          0          0   _printf_f.o
      1052          0          0          0          0        148   _printf_fp_dec.o
       128         16          0          0          0         84   _printf_fp_infnan.o
         0          0          0          0          0          0   _printf_percent.o
         4          0          0          0          0          0   _printf_percent_end.o
        10          0          0          0          0         68   _sputc.o
       228          4        148          0          0         96   bigflt0.o
      1936        128          0          0          0        672   btod.o
        18          0          0          0          0         80   exit.o
         6          0          0          0          0        152   heapauxi.o
         0          0          0          0          0          0   indicate_semi.o
        44         10         28          0          0         76   lc_numeric_c.o
         2          0          0          0          0          0   libinit.o
        22          0          0          0          0          0   libinit2.o
         2          0          0          0          0          0   libshutdown.o
         2          0          0          0          0          0   libshutdown2.o
         8          4          0          0         96         68   libspace.o
       138          0          0          0          0         80   lludiv10.o
        40          6          0          0          0         84   noretval__2sprintf.o
         8          4          0          0          0         68   rt_locale_intlibspace.o
         2          0          0          0          0          0   rtexit.o
        10          0          0          0          0          0   rtexit2.o
       124          0          0          0          0         88   strcmpv7em.o
        62          0          0          0          0         76   strlen.o
        12          4          0          0          0         68   sys_exit.o
        74          0          0          0          0         80   sys_stackheap_outer.o
         2          0          0          0          0         68   use_no_semi.o
       804         16          0          0          0        376   daddsub_clz.o
        24          0          0          0          0        116   dcmpi.o
       688        140          0          0          0        264   ddiv.o
        90          4          0          0          0        140   dfixu.o
        46          0          0          0          0        116   dflt_clz.o
       120          4          0          0          0        140   dleqf.o
       340         12          0          0          0        152   dmul.o
       156          4          0          0          0        140   dnaninf.o
        12          0          0          0          0        116   dretinf.o
       108          0          0          0          0        128   drleqf.o
       180          4          0          0          0        128   drnd.o
        26          0          0          0          0        116   fpinit.o
         4          0          0          0          0        116   printf1.o
         0          0          0          0          0          0   usenofp.o
        48          0          0          0          0        124   fpclassify.o
       224         30          0          0          0        172   round.o

    ----------------------------------------------------------------------
      7264        404        176          0         96       4720   Library Totals
        16          0          0          0          0          0   (incl. Padding)

    ----------------------------------------------------------------------

      Code (inc. data)   RO Data    RW Data    ZI Data      Debug   Library Name

      4378        190        176          0         96       2376   c_w.l
      2598        184          0          0          0       2048   fz_wm.l
       272         30          0          0          0        296   m_wm.l

    ----------------------------------------------------------------------
      7264        404        176          0         96       4720   Library Totals

    ----------------------------------------------------------------------

==============================================================================


      Code (inc. data)   RO Data    RW Data    ZI Data      Debug   

      9996        714        584          0       1648      33001   Grand Totals
      9996        714        584          0       1648      33001   ELF Image Totals
      9996        714        584          0          0          0   ROM Totals

==============================================================================

    Total RO  Size (Code + RO Data)                10580 (  10.33kB)
    Total RW  Size (RW Data + ZI Data)              1648 (   1.61kB)
    Total ROM Size (Code + RO Data + RW Data)      10580 (  10.33kB)

==============================================================================

